-- Logs begin at Tue 2016-05-10 07:51:12 MDT, end at Tue 2016-05-10 20:39:10 MDT. --
May 10 07:51:12 tiJoeLinux systemd-journald[271]: Runtime journal (/run/log/journal/) is 8.0M, max 119.0M, 111.0M free.
May 10 07:51:12 tiJoeLinux kernel: microcode: CPU0 microcode updated early to revision 0x1b, date = 2014-05-29
May 10 07:51:12 tiJoeLinux kernel: Initializing cgroup subsys cpuset
May 10 07:51:12 tiJoeLinux kernel: Initializing cgroup subsys cpu
May 10 07:51:12 tiJoeLinux kernel: Initializing cgroup subsys cpuacct
May 10 07:51:12 tiJoeLinux kernel: Linux version 4.2.0-35-generic (buildd@lgw01-43) (gcc version 5.2.1 20151010 (Ubuntu 5.2.1-22ubuntu2) ) #40-Ubuntu SMP Tue Mar 15 22:15:45 UTC 2016 (Ubuntu 4.2.0-35.40-generic 4.2.8-ckt5)
May 10 07:51:12 tiJoeLinux kernel: Command line: BOOT_IMAGE=/boot/vmlinuz-4.2.0-35-generic.efi.signed root=UUID=78d5e20a-8dc0-4e26-a918-ba45ae3db460 ro quiet splash vt.handoff=7
May 10 07:51:12 tiJoeLinux kernel: KERNEL supported cpus:
May 10 07:51:12 tiJoeLinux kernel:   Intel GenuineIntel
May 10 07:51:12 tiJoeLinux kernel:   AMD AuthenticAMD
May 10 07:51:12 tiJoeLinux kernel:   Centaur CentaurHauls
May 10 07:51:12 tiJoeLinux kernel: x86/fpu: xstate_offset[2]: 0240, xstate_sizes[2]: 0100
May 10 07:51:12 tiJoeLinux kernel: x86/fpu: Supporting XSAVE feature 0x01: 'x87 floating point registers'
May 10 07:51:12 tiJoeLinux kernel: x86/fpu: Supporting XSAVE feature 0x02: 'SSE registers'
May 10 07:51:12 tiJoeLinux kernel: x86/fpu: Supporting XSAVE feature 0x04: 'AVX registers'
May 10 07:51:12 tiJoeLinux kernel: x86/fpu: Enabled xstate features 0x7, context size is 0x340 bytes, using 'standard' format.
May 10 07:51:12 tiJoeLinux kernel: x86/fpu: Using 'eager' FPU context switches.
May 10 07:51:12 tiJoeLinux kernel: e820: BIOS-provided physical RAM map:
May 10 07:51:12 tiJoeLinux kernel: BIOS-e820: [mem 0x0000000000000000-0x000000000009dfff] usable
May 10 07:51:12 tiJoeLinux kernel: BIOS-e820: [mem 0x000000000009e000-0x000000000009ffff] reserved
May 10 07:51:12 tiJoeLinux kernel: BIOS-e820: [mem 0x0000000000100000-0x000000001fffffff] usable
May 10 07:51:12 tiJoeLinux kernel: BIOS-e820: [mem 0x0000000020000000-0x00000000201fffff] reserved
May 10 07:51:12 tiJoeLinux kernel: BIOS-e820: [mem 0x0000000020200000-0x0000000040003fff] usable
May 10 07:51:12 tiJoeLinux kernel: BIOS-e820: [mem 0x0000000040004000-0x0000000040004fff] reserved
May 10 07:51:12 tiJoeLinux kernel: BIOS-e820: [mem 0x0000000040005000-0x00000000c9714fff] usable
May 10 07:51:12 tiJoeLinux kernel: BIOS-e820: [mem 0x00000000c9715000-0x00000000c9b83fff] reserved
May 10 07:51:12 tiJoeLinux kernel: BIOS-e820: [mem 0x00000000c9b84000-0x00000000c9b93fff] ACPI data
May 10 07:51:12 tiJoeLinux kernel: BIOS-e820: [mem 0x00000000c9b94000-0x00000000ca1cefff] ACPI NVS
May 10 07:51:12 tiJoeLinux kernel: BIOS-e820: [mem 0x00000000ca1cf000-0x00000000ca87bfff] reserved
May 10 07:51:12 tiJoeLinux kernel: BIOS-e820: [mem 0x00000000ca87c000-0x00000000ca87cfff] usable
May 10 07:51:12 tiJoeLinux kernel: BIOS-e820: [mem 0x00000000ca87d000-0x00000000ca8bffff] ACPI NVS
May 10 07:51:12 tiJoeLinux kernel: BIOS-e820: [mem 0x00000000ca8c0000-0x00000000cacddfff] usable
May 10 07:51:12 tiJoeLinux kernel: BIOS-e820: [mem 0x00000000cacde000-0x00000000caff3fff] reserved
May 10 07:51:12 tiJoeLinux kernel: BIOS-e820: [mem 0x00000000caff4000-0x00000000caffffff] usable
May 10 07:51:12 tiJoeLinux kernel: BIOS-e820: [mem 0x00000000cb800000-0x00000000cf9fffff] reserved
May 10 07:51:12 tiJoeLinux kernel: BIOS-e820: [mem 0x00000000f8000000-0x00000000fbffffff] reserved
May 10 07:51:12 tiJoeLinux kernel: BIOS-e820: [mem 0x00000000fec00000-0x00000000fec00fff] reserved
May 10 07:51:12 tiJoeLinux kernel: BIOS-e820: [mem 0x00000000fed00000-0x00000000fed03fff] reserved
May 10 07:51:12 tiJoeLinux kernel: BIOS-e820: [mem 0x00000000fed1c000-0x00000000fed1ffff] reserved
May 10 07:51:12 tiJoeLinux kernel: BIOS-e820: [mem 0x00000000fee00000-0x00000000fee00fff] reserved
May 10 07:51:12 tiJoeLinux kernel: BIOS-e820: [mem 0x00000000ff000000-0x00000000ffffffff] reserved
May 10 07:51:12 tiJoeLinux kernel: BIOS-e820: [mem 0x0000000100000000-0x000000032f5fffff] usable
May 10 07:51:12 tiJoeLinux kernel: NX (Execute Disable) protection: active
May 10 07:51:12 tiJoeLinux kernel: e820: update [mem 0x94e9c018-0x94eab657] usable ==> usable
May 10 07:51:12 tiJoeLinux kernel: extended physical RAM map:
May 10 07:51:12 tiJoeLinux kernel: reserve setup_data: [mem 0x0000000000000000-0x000000000009dfff] usable
May 10 07:51:12 tiJoeLinux kernel: reserve setup_data: [mem 0x000000000009e000-0x000000000009ffff] reserved
May 10 07:51:12 tiJoeLinux kernel: reserve setup_data: [mem 0x0000000000100000-0x000000001fffffff] usable
May 10 07:51:12 tiJoeLinux kernel: reserve setup_data: [mem 0x0000000020000000-0x00000000201fffff] reserved
May 10 07:51:12 tiJoeLinux kernel: reserve setup_data: [mem 0x0000000020200000-0x0000000040003fff] usable
May 10 07:51:12 tiJoeLinux kernel: reserve setup_data: [mem 0x0000000040004000-0x0000000040004fff] reserved
May 10 07:51:12 tiJoeLinux kernel: reserve setup_data: [mem 0x0000000040005000-0x0000000094e9c017] usable
May 10 07:51:12 tiJoeLinux kernel: reserve setup_data: [mem 0x0000000094e9c018-0x0000000094eab657] usable
May 10 07:51:12 tiJoeLinux kernel: reserve setup_data: [mem 0x0000000094eab658-0x00000000c9714fff] usable
May 10 07:51:12 tiJoeLinux kernel: reserve setup_data: [mem 0x00000000c9715000-0x00000000c9b83fff] reserved
May 10 07:51:12 tiJoeLinux kernel: reserve setup_data: [mem 0x00000000c9b84000-0x00000000c9b93fff] ACPI data
May 10 07:51:12 tiJoeLinux kernel: reserve setup_data: [mem 0x00000000c9b94000-0x00000000ca1cefff] ACPI NVS
May 10 07:51:12 tiJoeLinux kernel: reserve setup_data: [mem 0x00000000ca1cf000-0x00000000ca87bfff] reserved
May 10 07:51:12 tiJoeLinux kernel: reserve setup_data: [mem 0x00000000ca87c000-0x00000000ca87cfff] usable
May 10 07:51:12 tiJoeLinux kernel: reserve setup_data: [mem 0x00000000ca87d000-0x00000000ca8bffff] ACPI NVS
May 10 07:51:12 tiJoeLinux kernel: reserve setup_data: [mem 0x00000000ca8c0000-0x00000000cacddfff] usable
May 10 07:51:12 tiJoeLinux kernel: reserve setup_data: [mem 0x00000000cacde000-0x00000000caff3fff] reserved
May 10 07:51:12 tiJoeLinux kernel: reserve setup_data: [mem 0x00000000caff4000-0x00000000caffffff] usable
May 10 07:51:12 tiJoeLinux kernel: reserve setup_data: [mem 0x00000000cb800000-0x00000000cf9fffff] reserved
May 10 07:51:12 tiJoeLinux kernel: reserve setup_data: [mem 0x00000000f8000000-0x00000000fbffffff] reserved
May 10 07:51:12 tiJoeLinux kernel: reserve setup_data: [mem 0x00000000fec00000-0x00000000fec00fff] reserved
May 10 07:51:12 tiJoeLinux kernel: reserve setup_data: [mem 0x00000000fed00000-0x00000000fed03fff] reserved
May 10 07:51:12 tiJoeLinux kernel: reserve setup_data: [mem 0x00000000fed1c000-0x00000000fed1ffff] reserved
May 10 07:51:12 tiJoeLinux kernel: reserve setup_data: [mem 0x00000000fee00000-0x00000000fee00fff] reserved
May 10 07:51:12 tiJoeLinux kernel: reserve setup_data: [mem 0x00000000ff000000-0x00000000ffffffff] reserved
May 10 07:51:12 tiJoeLinux kernel: reserve setup_data: [mem 0x0000000100000000-0x000000032f5fffff] usable
May 10 07:51:12 tiJoeLinux kernel: efi: EFI v2.31 by American Megatrends
May 10 07:51:12 tiJoeLinux kernel: efi:  ACPI=0xc9b87000  ACPI 2.0=0xc9b87000  SMBIOS=0xca7fa498 
May 10 07:51:12 tiJoeLinux kernel: SMBIOS 2.7 present.
May 10 07:51:12 tiJoeLinux kernel: DMI: SAMSUNG ELECTRONICS CO., LTD. 870Z5E/880Z5E/680Z5E/NP880Z5E-X01UB, BIOS P05ADH.017.140421.SH 04/21/2014
May 10 07:51:12 tiJoeLinux kernel: e820: update [mem 0x00000000-0x00000fff] usable ==> reserved
May 10 07:51:12 tiJoeLinux kernel: e820: remove [mem 0x000a0000-0x000fffff] usable
May 10 07:51:12 tiJoeLinux kernel: e820: last_pfn = 0x32f600 max_arch_pfn = 0x400000000
May 10 07:51:12 tiJoeLinux kernel: MTRR default type: uncachable
May 10 07:51:12 tiJoeLinux kernel: MTRR fixed ranges enabled:
May 10 07:51:12 tiJoeLinux kernel:   00000-9FFFF write-back
May 10 07:51:12 tiJoeLinux kernel:   A0000-FFFFF uncachable
May 10 07:51:12 tiJoeLinux kernel: MTRR variable ranges enabled:
May 10 07:51:12 tiJoeLinux kernel:   0 base 000000000 mask E00000000 write-back
May 10 07:51:12 tiJoeLinux kernel:   1 base 200000000 mask F00000000 write-back
May 10 07:51:12 tiJoeLinux kernel:   2 base 300000000 mask FC0000000 write-back
May 10 07:51:12 tiJoeLinux kernel:   3 base 0E0000000 mask FE0000000 uncachable
May 10 07:51:12 tiJoeLinux kernel:   4 base 0D0000000 mask FF0000000 uncachable
May 10 07:51:12 tiJoeLinux kernel:   5 base 0CC000000 mask FFC000000 uncachable
May 10 07:51:12 tiJoeLinux kernel:   6 base 0CB800000 mask FFF800000 uncachable
May 10 07:51:12 tiJoeLinux kernel:   7 base 330000000 mask FF0000000 uncachable
May 10 07:51:12 tiJoeLinux kernel:   8 base 32F800000 mask FFF800000 uncachable
May 10 07:51:12 tiJoeLinux kernel:   9 base 32F600000 mask FFFE00000 uncachable
May 10 07:51:12 tiJoeLinux kernel: x86/PAT: Configuration [0-7]: WB  WC  UC- UC  WB  WC  UC- WT  
May 10 07:51:12 tiJoeLinux kernel: original variable MTRRs
May 10 07:51:12 tiJoeLinux kernel: reg 0, base: 0GB, range: 8GB, type WB
May 10 07:51:12 tiJoeLinux kernel: reg 1, base: 8GB, range: 4GB, type WB
May 10 07:51:12 tiJoeLinux kernel: reg 2, base: 12GB, range: 1GB, type WB
May 10 07:51:12 tiJoeLinux kernel: reg 3, base: 3584MB, range: 512MB, type UC
May 10 07:51:12 tiJoeLinux kernel: reg 4, base: 3328MB, range: 256MB, type UC
May 10 07:51:12 tiJoeLinux kernel: reg 5, base: 3264MB, range: 64MB, type UC
May 10 07:51:12 tiJoeLinux kernel: reg 6, base: 3256MB, range: 8MB, type UC
May 10 07:51:12 tiJoeLinux kernel: reg 7, base: 13056MB, range: 256MB, type UC
May 10 07:51:12 tiJoeLinux kernel: reg 8, base: 13048MB, range: 8MB, type UC
May 10 07:51:12 tiJoeLinux kernel: reg 9, base: 13046MB, range: 2MB, type UC
May 10 07:51:12 tiJoeLinux kernel: total RAM covered: 12206M
May 10 07:51:12 tiJoeLinux kernel:  gran_size: 64K         chunk_size: 64K         num_reg: 10          lose cover RAM: 118M
May 10 07:51:12 tiJoeLinux kernel:  gran_size: 64K         chunk_size: 128K         num_reg: 10          lose cover RAM: 118M
May 10 07:51:12 tiJoeLinux kernel:  gran_size: 64K         chunk_size: 256K         num_reg: 10          lose cover RAM: 118M
May 10 07:51:12 tiJoeLinux kernel:  gran_size: 64K         chunk_size: 512K         num_reg: 10          lose cover RAM: 118M
May 10 07:51:12 tiJoeLinux kernel:  gran_size: 64K         chunk_size: 1M         num_reg: 10          lose cover RAM: 118M
May 10 07:51:12 tiJoeLinux kernel:  gran_size: 64K         chunk_size: 2M         num_reg: 10          lose cover RAM: 118M
May 10 07:51:12 tiJoeLinux kernel:  gran_size: 64K         chunk_size: 4M         num_reg: 10          lose cover RAM: 118M
May 10 07:51:12 tiJoeLinux kernel:  gran_size: 64K         chunk_size: 8M         num_reg: 10          lose cover RAM: 118M
May 10 07:51:12 tiJoeLinux kernel: *BAD*gran_size: 64K         chunk_size: 16M         num_reg: 10          lose cover RAM: -8M
May 10 07:51:12 tiJoeLinux kernel: *BAD*gran_size: 64K         chunk_size: 32M         num_reg: 10          lose cover RAM: -8M
May 10 07:51:12 tiJoeLinux kernel: *BAD*gran_size: 64K         chunk_size: 64M         num_reg: 10          lose cover RAM: -8M
May 10 07:51:12 tiJoeLinux kernel: *BAD*gran_size: 64K         chunk_size: 128M         num_reg: 10          lose cover RAM: -8M
May 10 07:51:12 tiJoeLinux kernel: *BAD*gran_size: 64K         chunk_size: 256M         num_reg: 10          lose cover RAM: -8M
May 10 07:51:12 tiJoeLinux kernel: *BAD*gran_size: 64K         chunk_size: 512M         num_reg: 10          lose cover RAM: -264M
May 10 07:51:12 tiJoeLinux kernel: *BAD*gran_size: 64K         chunk_size: 1G         num_reg: 10          lose cover RAM: -256M
May 10 07:51:12 tiJoeLinux kernel: *BAD*gran_size: 64K         chunk_size: 2G         num_reg: 10          lose cover RAM: -1280M
May 10 07:51:12 tiJoeLinux kernel:  gran_size: 128K         chunk_size: 128K         num_reg: 10          lose cover RAM: 118M
May 10 07:51:12 tiJoeLinux kernel:  gran_size: 128K         chunk_size: 256K         num_reg: 10          lose cover RAM: 118M
May 10 07:51:12 tiJoeLinux kernel:  gran_size: 128K         chunk_size: 512K         num_reg: 10          lose cover RAM: 118M
May 10 07:51:12 tiJoeLinux kernel:  gran_size: 128K         chunk_size: 1M         num_reg: 10          lose cover RAM: 118M
May 10 07:51:12 tiJoeLinux kernel:  gran_size: 128K         chunk_size: 2M         num_reg: 10          lose cover RAM: 118M
May 10 07:51:12 tiJoeLinux kernel:  gran_size: 128K         chunk_size: 4M         num_reg: 10          lose cover RAM: 118M
May 10 07:51:12 tiJoeLinux kernel:  gran_size: 128K         chunk_size: 8M         num_reg: 10          lose cover RAM: 118M
May 10 07:51:12 tiJoeLinux kernel: *BAD*gran_size: 128K         chunk_size: 16M         num_reg: 10          lose cover RAM: -8M
May 10 07:51:12 tiJoeLinux kernel: *BAD*gran_size: 128K         chunk_size: 32M         num_reg: 10          lose cover RAM: -8M
May 10 07:51:12 tiJoeLinux kernel: *BAD*gran_size: 128K         chunk_size: 64M         num_reg: 10          lose cover RAM: -8M
May 10 07:51:12 tiJoeLinux kernel: *BAD*gran_size: 128K         chunk_size: 128M         num_reg: 10          lose cover RAM: -8M
May 10 07:51:12 tiJoeLinux kernel: *BAD*gran_size: 128K         chunk_size: 256M         num_reg: 10          lose cover RAM: -8M
May 10 07:51:12 tiJoeLinux kernel: *BAD*gran_size: 128K         chunk_size: 512M         num_reg: 10          lose cover RAM: -264M
May 10 07:51:12 tiJoeLinux kernel: *BAD*gran_size: 128K         chunk_size: 1G         num_reg: 10          lose cover RAM: -256M
May 10 07:51:12 tiJoeLinux kernel: *BAD*gran_size: 128K         chunk_size: 2G         num_reg: 10          lose cover RAM: -1280M
May 10 07:51:12 tiJoeLinux kernel:  gran_size: 256K         chunk_size: 256K         num_reg: 10          lose cover RAM: 118M
May 10 07:51:12 tiJoeLinux kernel:  gran_size: 256K         chunk_size: 512K         num_reg: 10          lose cover RAM: 118M
May 10 07:51:12 tiJoeLinux kernel:  gran_size: 256K         chunk_size: 1M         num_reg: 10          lose cover RAM: 118M
May 10 07:51:12 tiJoeLinux kernel:  gran_size: 256K         chunk_size: 2M         num_reg: 10          lose cover RAM: 118M
May 10 07:51:12 tiJoeLinux kernel:  gran_size: 256K         chunk_size: 4M         num_reg: 10          lose cover RAM: 118M
May 10 07:51:12 tiJoeLinux kernel:  gran_size: 256K         chunk_size: 8M         num_reg: 10          lose cover RAM: 118M
May 10 07:51:12 tiJoeLinux kernel: *BAD*gran_size: 256K         chunk_size: 16M         num_reg: 10          lose cover RAM: -8M
May 10 07:51:12 tiJoeLinux kernel: *BAD*gran_size: 256K         chunk_size: 32M         num_reg: 10          lose cover RAM: -8M
May 10 07:51:12 tiJoeLinux kernel: *BAD*gran_size: 256K         chunk_size: 64M         num_reg: 10          lose cover RAM: -8M
May 10 07:51:12 tiJoeLinux kernel: *BAD*gran_size: 256K         chunk_size: 128M         num_reg: 10          lose cover RAM: -8M
May 10 07:51:12 tiJoeLinux kernel: *BAD*gran_size: 256K         chunk_size: 256M         num_reg: 10          lose cover RAM: -8M
May 10 07:51:12 tiJoeLinux kernel: *BAD*gran_size: 256K         chunk_size: 512M         num_reg: 10          lose cover RAM: -264M
May 10 07:51:12 tiJoeLinux kernel: *BAD*gran_size: 256K         chunk_size: 1G         num_reg: 10          lose cover RAM: -256M
May 10 07:51:12 tiJoeLinux kernel: *BAD*gran_size: 256K         chunk_size: 2G         num_reg: 10          lose cover RAM: -1280M
May 10 07:51:12 tiJoeLinux kernel:  gran_size: 512K         chunk_size: 512K         num_reg: 10          lose cover RAM: 118M
May 10 07:51:12 tiJoeLinux kernel:  gran_size: 512K         chunk_size: 1M         num_reg: 10          lose cover RAM: 118M
May 10 07:51:12 tiJoeLinux kernel:  gran_size: 512K         chunk_size: 2M         num_reg: 10          lose cover RAM: 118M
May 10 07:51:12 tiJoeLinux kernel:  gran_size: 512K         chunk_size: 4M         num_reg: 10          lose cover RAM: 118M
May 10 07:51:12 tiJoeLinux kernel:  gran_size: 512K         chunk_size: 8M         num_reg: 10          lose cover RAM: 118M
May 10 07:51:12 tiJoeLinux kernel: *BAD*gran_size: 512K         chunk_size: 16M         num_reg: 10          lose cover RAM: -8M
May 10 07:51:12 tiJoeLinux kernel: *BAD*gran_size: 512K         chunk_size: 32M         num_reg: 10          lose cover RAM: -8M
May 10 07:51:12 tiJoeLinux kernel: *BAD*gran_size: 512K         chunk_size: 64M         num_reg: 10          lose cover RAM: -8M
May 10 07:51:12 tiJoeLinux kernel: *BAD*gran_size: 512K         chunk_size: 128M         num_reg: 10          lose cover RAM: -8M
May 10 07:51:12 tiJoeLinux kernel: *BAD*gran_size: 512K         chunk_size: 256M         num_reg: 10          lose cover RAM: -8M
May 10 07:51:12 tiJoeLinux kernel: *BAD*gran_size: 512K         chunk_size: 512M         num_reg: 10          lose cover RAM: -264M
May 10 07:51:12 tiJoeLinux kernel: *BAD*gran_size: 512K         chunk_size: 1G         num_reg: 10          lose cover RAM: -256M
May 10 07:51:12 tiJoeLinux kernel: *BAD*gran_size: 512K         chunk_size: 2G         num_reg: 10          lose cover RAM: -1280M
May 10 07:51:12 tiJoeLinux kernel:  gran_size: 1M         chunk_size: 1M         num_reg: 10          lose cover RAM: 118M
May 10 07:51:12 tiJoeLinux kernel:  gran_size: 1M         chunk_size: 2M         num_reg: 10          lose cover RAM: 118M
May 10 07:51:12 tiJoeLinux kernel:  gran_size: 1M         chunk_size: 4M         num_reg: 10          lose cover RAM: 118M
May 10 07:51:12 tiJoeLinux kernel:  gran_size: 1M         chunk_size: 8M         num_reg: 10          lose cover RAM: 118M
May 10 07:51:12 tiJoeLinux kernel: *BAD*gran_size: 1M         chunk_size: 16M         num_reg: 10          lose cover RAM: -8M
May 10 07:51:12 tiJoeLinux kernel: *BAD*gran_size: 1M         chunk_size: 32M         num_reg: 10          lose cover RAM: -8M
May 10 07:51:12 tiJoeLinux kernel: *BAD*gran_size: 1M         chunk_size: 64M         num_reg: 10          lose cover RAM: -8M
May 10 07:51:12 tiJoeLinux kernel: *BAD*gran_size: 1M         chunk_size: 128M         num_reg: 10          lose cover RAM: -8M
May 10 07:51:12 tiJoeLinux kernel: *BAD*gran_size: 1M         chunk_size: 256M         num_reg: 10          lose cover RAM: -8M
May 10 07:51:12 tiJoeLinux kernel: *BAD*gran_size: 1M         chunk_size: 512M         num_reg: 10          lose cover RAM: -264M
May 10 07:51:12 tiJoeLinux kernel: *BAD*gran_size: 1M         chunk_size: 1G         num_reg: 10          lose cover RAM: -256M
May 10 07:51:12 tiJoeLinux kernel: *BAD*gran_size: 1M         chunk_size: 2G         num_reg: 10          lose cover RAM: -1280M
May 10 07:51:12 tiJoeLinux kernel:  gran_size: 2M         chunk_size: 2M         num_reg: 10          lose cover RAM: 118M
May 10 07:51:12 tiJoeLinux kernel:  gran_size: 2M         chunk_size: 4M         num_reg: 10          lose cover RAM: 118M
May 10 07:51:12 tiJoeLinux kernel:  gran_size: 2M         chunk_size: 8M         num_reg: 10          lose cover RAM: 118M
May 10 07:51:12 tiJoeLinux kernel: *BAD*gran_size: 2M         chunk_size: 16M         num_reg: 10          lose cover RAM: -8M
May 10 07:51:12 tiJoeLinux kernel: *BAD*gran_size: 2M         chunk_size: 32M         num_reg: 10          lose cover RAM: -8M
May 10 07:51:12 tiJoeLinux kernel: *BAD*gran_size: 2M         chunk_size: 64M         num_reg: 10          lose cover RAM: -8M
May 10 07:51:12 tiJoeLinux kernel: *BAD*gran_size: 2M         chunk_size: 128M         num_reg: 10          lose cover RAM: -8M
May 10 07:51:12 tiJoeLinux kernel: *BAD*gran_size: 2M         chunk_size: 256M         num_reg: 10          lose cover RAM: -8M
May 10 07:51:12 tiJoeLinux kernel: *BAD*gran_size: 2M         chunk_size: 512M         num_reg: 10          lose cover RAM: -264M
May 10 07:51:12 tiJoeLinux kernel: *BAD*gran_size: 2M         chunk_size: 1G         num_reg: 10          lose cover RAM: -256M
May 10 07:51:12 tiJoeLinux kernel: *BAD*gran_size: 2M         chunk_size: 2G         num_reg: 10          lose cover RAM: -1280M
May 10 07:51:12 tiJoeLinux kernel:  gran_size: 4M         chunk_size: 4M         num_reg: 10          lose cover RAM: 118M
May 10 07:51:12 tiJoeLinux kernel:  gran_size: 4M         chunk_size: 8M         num_reg: 10          lose cover RAM: 118M
May 10 07:51:12 tiJoeLinux kernel: *BAD*gran_size: 4M         chunk_size: 16M         num_reg: 10          lose cover RAM: -6M
May 10 07:51:12 tiJoeLinux kernel: *BAD*gran_size: 4M         chunk_size: 32M         num_reg: 10          lose cover RAM: -6M
May 10 07:51:12 tiJoeLinux kernel: *BAD*gran_size: 4M         chunk_size: 64M         num_reg: 10          lose cover RAM: -6M
May 10 07:51:12 tiJoeLinux kernel: *BAD*gran_size: 4M         chunk_size: 128M         num_reg: 10          lose cover RAM: -6M
May 10 07:51:12 tiJoeLinux kernel: *BAD*gran_size: 4M         chunk_size: 256M         num_reg: 10          lose cover RAM: -6M
May 10 07:51:12 tiJoeLinux kernel: *BAD*gran_size: 4M         chunk_size: 512M         num_reg: 10          lose cover RAM: -262M
May 10 07:51:12 tiJoeLinux kernel: *BAD*gran_size: 4M         chunk_size: 1G         num_reg: 10          lose cover RAM: -254M
May 10 07:51:12 tiJoeLinux kernel: *BAD*gran_size: 4M         chunk_size: 2G         num_reg: 10          lose cover RAM: -1278M
May 10 07:51:12 tiJoeLinux kernel:  gran_size: 8M         chunk_size: 8M         num_reg: 10          lose cover RAM: 118M
May 10 07:51:12 tiJoeLinux kernel:  gran_size: 8M         chunk_size: 16M         num_reg: 10          lose cover RAM: 54M
May 10 07:51:12 tiJoeLinux kernel:  gran_size: 8M         chunk_size: 32M         num_reg: 10          lose cover RAM: 6M
May 10 07:51:12 tiJoeLinux kernel:  gran_size: 8M         chunk_size: 64M         num_reg: 10          lose cover RAM: 6M
May 10 07:51:12 tiJoeLinux kernel:  gran_size: 8M         chunk_size: 128M         num_reg: 10          lose cover RAM: 6M
May 10 07:51:12 tiJoeLinux kernel:  gran_size: 8M         chunk_size: 256M         num_reg: 10          lose cover RAM: 6M
May 10 07:51:12 tiJoeLinux kernel: *BAD*gran_size: 8M         chunk_size: 512M         num_reg: 10          lose cover RAM: -250M
May 10 07:51:12 tiJoeLinux kernel:  gran_size: 8M         chunk_size: 1G         num_reg: 10          lose cover RAM: 6M
May 10 07:51:12 tiJoeLinux kernel: *BAD*gran_size: 8M         chunk_size: 2G         num_reg: 10          lose cover RAM: -1018M
May 10 07:51:12 tiJoeLinux kernel:  gran_size: 16M         chunk_size: 16M         num_reg: 10          lose cover RAM: 62M
May 10 07:51:12 tiJoeLinux kernel:  gran_size: 16M         chunk_size: 32M         num_reg: 10          lose cover RAM: 14M
May 10 07:51:12 tiJoeLinux kernel:  gran_size: 16M         chunk_size: 64M         num_reg: 10          lose cover RAM: 14M
May 10 07:51:12 tiJoeLinux kernel:  gran_size: 16M         chunk_size: 128M         num_reg: 10          lose cover RAM: 14M
May 10 07:51:12 tiJoeLinux kernel:  gran_size: 16M         chunk_size: 256M         num_reg: 10          lose cover RAM: 14M
May 10 07:51:12 tiJoeLinux kernel: *BAD*gran_size: 16M         chunk_size: 512M         num_reg: 10          lose cover RAM: -242M
May 10 07:51:12 tiJoeLinux kernel:  gran_size: 16M         chunk_size: 1G         num_reg: 10          lose cover RAM: 14M
May 10 07:51:12 tiJoeLinux kernel: *BAD*gran_size: 16M         chunk_size: 2G         num_reg: 10          lose cover RAM: -1010M
May 10 07:51:12 tiJoeLinux kernel:  gran_size: 32M         chunk_size: 32M         num_reg: 10          lose cover RAM: 46M
May 10 07:51:12 tiJoeLinux kernel:  gran_size: 32M         chunk_size: 64M         num_reg: 10          lose cover RAM: 46M
May 10 07:51:12 tiJoeLinux kernel:  gran_size: 32M         chunk_size: 128M         num_reg: 10          lose cover RAM: 46M
May 10 07:51:12 tiJoeLinux kernel:  gran_size: 32M         chunk_size: 256M         num_reg: 10          lose cover RAM: 46M
May 10 07:51:12 tiJoeLinux kernel: *BAD*gran_size: 32M         chunk_size: 512M         num_reg: 10          lose cover RAM: -210M
May 10 07:51:12 tiJoeLinux kernel:  gran_size: 32M         chunk_size: 1G         num_reg: 10          lose cover RAM: 46M
May 10 07:51:12 tiJoeLinux kernel: *BAD*gran_size: 32M         chunk_size: 2G         num_reg: 10          lose cover RAM: -978M
May 10 07:51:12 tiJoeLinux kernel:  gran_size: 64M         chunk_size: 64M         num_reg: 8          lose cover RAM: 110M
May 10 07:51:12 tiJoeLinux kernel:  gran_size: 64M         chunk_size: 128M         num_reg: 8          lose cover RAM: 110M
May 10 07:51:12 tiJoeLinux kernel:  gran_size: 64M         chunk_size: 256M         num_reg: 9          lose cover RAM: 110M
May 10 07:51:12 tiJoeLinux kernel:  gran_size: 64M         chunk_size: 512M         num_reg: 10          lose cover RAM: 110M
May 10 07:51:12 tiJoeLinux kernel:  gran_size: 64M         chunk_size: 1G         num_reg: 9          lose cover RAM: 110M
May 10 07:51:12 tiJoeLinux kernel:  gran_size: 64M         chunk_size: 2G         num_reg: 10          lose cover RAM: 110M
May 10 07:51:12 tiJoeLinux kernel:  gran_size: 128M         chunk_size: 128M         num_reg: 7          lose cover RAM: 174M
May 10 07:51:12 tiJoeLinux kernel:  gran_size: 128M         chunk_size: 256M         num_reg: 9          lose cover RAM: 174M
May 10 07:51:12 tiJoeLinux kernel:  gran_size: 128M         chunk_size: 512M         num_reg: 10          lose cover RAM: 174M
May 10 07:51:12 tiJoeLinux kernel:  gran_size: 128M         chunk_size: 1G         num_reg: 9          lose cover RAM: 174M
May 10 07:51:12 tiJoeLinux kernel:  gran_size: 128M         chunk_size: 2G         num_reg: 10          lose cover RAM: 174M
May 10 07:51:12 tiJoeLinux kernel:  gran_size: 256M         chunk_size: 256M         num_reg: 5          lose cover RAM: 430M
May 10 07:51:12 tiJoeLinux kernel:  gran_size: 256M         chunk_size: 512M         num_reg: 5          lose cover RAM: 430M
May 10 07:51:12 tiJoeLinux kernel:  gran_size: 256M         chunk_size: 1G         num_reg: 6          lose cover RAM: 430M
May 10 07:51:12 tiJoeLinux kernel:  gran_size: 256M         chunk_size: 2G         num_reg: 7          lose cover RAM: 430M
May 10 07:51:12 tiJoeLinux kernel:  gran_size: 512M         chunk_size: 512M         num_reg: 5          lose cover RAM: 430M
May 10 07:51:12 tiJoeLinux kernel:  gran_size: 512M         chunk_size: 1G         num_reg: 6          lose cover RAM: 430M
May 10 07:51:12 tiJoeLinux kernel:  gran_size: 512M         chunk_size: 2G         num_reg: 7          lose cover RAM: 430M
May 10 07:51:12 tiJoeLinux kernel:  gran_size: 1G         chunk_size: 1G         num_reg: 4          lose cover RAM: 942M
May 10 07:51:12 tiJoeLinux kernel:  gran_size: 1G         chunk_size: 2G         num_reg: 4          lose cover RAM: 942M
May 10 07:51:12 tiJoeLinux kernel:  gran_size: 2G         chunk_size: 2G         num_reg: 3          lose cover RAM: 1966M
May 10 07:51:12 tiJoeLinux kernel: mtrr_cleanup: can not find optimal value
May 10 07:51:12 tiJoeLinux kernel: please specify mtrr_gran_size/mtrr_chunk_size
May 10 07:51:12 tiJoeLinux kernel: e820: update [mem 0xcb800000-0xffffffff] usable ==> reserved
May 10 07:51:12 tiJoeLinux kernel: e820: last_pfn = 0xcb000 max_arch_pfn = 0x400000000
May 10 07:51:12 tiJoeLinux kernel: Scanning 1 areas for low memory corruption
May 10 07:51:12 tiJoeLinux kernel: Base memory trampoline at [ffff880000098000] 98000 size 24576
May 10 07:51:12 tiJoeLinux kernel: init_memory_mapping: [mem 0x00000000-0x000fffff]
May 10 07:51:12 tiJoeLinux kernel:  [mem 0x00000000-0x000fffff] page 4k
May 10 07:51:12 tiJoeLinux kernel: BRK [0x041f1000, 0x041f1fff] PGTABLE
May 10 07:51:12 tiJoeLinux kernel: BRK [0x041f2000, 0x041f2fff] PGTABLE
May 10 07:51:12 tiJoeLinux kernel: BRK [0x041f3000, 0x041f3fff] PGTABLE
May 10 07:51:12 tiJoeLinux kernel: init_memory_mapping: [mem 0x32f400000-0x32f5fffff]
May 10 07:51:12 tiJoeLinux kernel:  [mem 0x32f400000-0x32f5fffff] page 2M
May 10 07:51:12 tiJoeLinux kernel: BRK [0x041f4000, 0x041f4fff] PGTABLE
May 10 07:51:12 tiJoeLinux kernel: init_memory_mapping: [mem 0x320000000-0x32f3fffff]
May 10 07:51:12 tiJoeLinux kernel:  [mem 0x320000000-0x32f3fffff] page 2M
May 10 07:51:12 tiJoeLinux kernel: init_memory_mapping: [mem 0x300000000-0x31fffffff]
May 10 07:51:12 tiJoeLinux kernel:  [mem 0x300000000-0x31fffffff] page 2M
May 10 07:51:12 tiJoeLinux kernel: init_memory_mapping: [mem 0x00100000-0x1fffffff]
May 10 07:51:12 tiJoeLinux kernel:  [mem 0x00100000-0x001fffff] page 4k
May 10 07:51:12 tiJoeLinux kernel:  [mem 0x00200000-0x1fffffff] page 2M
May 10 07:51:12 tiJoeLinux kernel: init_memory_mapping: [mem 0x20200000-0x40003fff]
May 10 07:51:12 tiJoeLinux kernel:  [mem 0x20200000-0x3fffffff] page 2M
May 10 07:51:12 tiJoeLinux kernel:  [mem 0x40000000-0x40003fff] page 4k
May 10 07:51:12 tiJoeLinux kernel: BRK [0x041f5000, 0x041f5fff] PGTABLE
May 10 07:51:12 tiJoeLinux kernel: BRK [0x041f6000, 0x041f6fff] PGTABLE
May 10 07:51:12 tiJoeLinux kernel: init_memory_mapping: [mem 0x40005000-0xc9714fff]
May 10 07:51:12 tiJoeLinux kernel:  [mem 0x40005000-0x401fffff] page 4k
May 10 07:51:12 tiJoeLinux kernel:  [mem 0x40200000-0xc95fffff] page 2M
May 10 07:51:12 tiJoeLinux kernel:  [mem 0xc9600000-0xc9714fff] page 4k
May 10 07:51:12 tiJoeLinux kernel: init_memory_mapping: [mem 0xca87c000-0xca87cfff]
May 10 07:51:12 tiJoeLinux kernel:  [mem 0xca87c000-0xca87cfff] page 4k
May 10 07:51:12 tiJoeLinux kernel: init_memory_mapping: [mem 0xca8c0000-0xcacddfff]
May 10 07:51:12 tiJoeLinux kernel:  [mem 0xca8c0000-0xca9fffff] page 4k
May 10 07:51:12 tiJoeLinux kernel:  [mem 0xcaa00000-0xcabfffff] page 2M
May 10 07:51:12 tiJoeLinux kernel:  [mem 0xcac00000-0xcacddfff] page 4k
May 10 07:51:12 tiJoeLinux kernel: init_memory_mapping: [mem 0xcaff4000-0xcaffffff]
May 10 07:51:12 tiJoeLinux kernel:  [mem 0xcaff4000-0xcaffffff] page 4k
May 10 07:51:12 tiJoeLinux kernel: init_memory_mapping: [mem 0x100000000-0x2ffffffff]
May 10 07:51:12 tiJoeLinux kernel:  [mem 0x100000000-0x2ffffffff] page 2M
May 10 07:51:12 tiJoeLinux kernel: RAMDISK: [mem 0x3c9e1000-0x3e9f0fff]
May 10 07:51:12 tiJoeLinux kernel: ACPI: Early table checksum verification disabled
May 10 07:51:12 tiJoeLinux kernel: ACPI: RSDP 0x00000000C9B87000 000024 (v02 SECCSD)
May 10 07:51:12 tiJoeLinux kernel: ACPI: XSDT 0x00000000C9B87088 00008C (v01 SECCSD LH43STAR 01072009 AMI  00010013)
May 10 07:51:12 tiJoeLinux kernel: ACPI: FACP 0x00000000C9B90680 00010C (v05 SECCSD LH43STAR 01072009 AMI  00010013)
May 10 07:51:12 tiJoeLinux kernel: ACPI: DSDT 0x00000000C9B871A0 0094DC (v02 SECCSD LH43STAR 00000024 INTL 20051117)
May 10 07:51:12 tiJoeLinux kernel: ACPI: FACS 0x00000000CA1CC080 000040
May 10 07:51:12 tiJoeLinux kernel: ACPI: APIC 0x00000000C9B90790 000092 (v03 SECCSD LH43STAR 01072009 AMI  00010013)
May 10 07:51:12 tiJoeLinux kernel: ACPI: FPDT 0x00000000C9B90828 000044 (v01 SECCSD LH43STAR 01072009 AMI  00010013)
May 10 07:51:12 tiJoeLinux kernel: ACPI: MCFG 0x00000000C9B90870 00003C (v01 SECCSD LH43STAR 01072009 MSFT 00000097)
May 10 07:51:12 tiJoeLinux kernel: ACPI: MSDM 0x00000000C9B908B0 000055 (v03 SECCSD LH43STAR 01072009 AMI  00010013)
May 10 07:51:12 tiJoeLinux kernel: ACPI: HPET 0x00000000C9B90908 000038 (v01 SECCSD LH43STAR 01072009 AMI. 00000005)
May 10 07:51:12 tiJoeLinux kernel: ACPI: SSDT 0x00000000C9B90940 000315 (v01 SataRe SataTabl 00001000 INTL 20091112)
May 10 07:51:12 tiJoeLinux kernel: ACPI: SSDT 0x00000000C9B90C58 00093E (v01 PmRef  Cpu0Ist  00003000 INTL 20051117)
May 10 07:51:12 tiJoeLinux kernel: ACPI: SSDT 0x00000000C9B91598 000B0E (v01 PmRef  CpuPm    00003000 INTL 20051117)
May 10 07:51:12 tiJoeLinux kernel: ACPI: DMAR 0x00000000C9B920A8 0000B8 (v01 INTEL  SNB      00000001 INTL 00000001)
May 10 07:51:12 tiJoeLinux kernel: ACPI: BGRT 0x00000000C9B92160 000038 (v00 SECCSD LH43STAR 01072009 AMI  00010013)
May 10 07:51:12 tiJoeLinux kernel: ACPI: SSDT 0x00000000C9B92198 0007E3 (v01 SgRef  SgTabl   00001000 INTL 20051117)
May 10 07:51:12 tiJoeLinux kernel: ACPI: SSDT 0x00000000C9B92980 000DF6 (v01 AmdRef AmdTabl  00001000 INTL 20051117)
May 10 07:51:12 tiJoeLinux kernel: ACPI: Local APIC address 0xfee00000
May 10 07:51:12 tiJoeLinux kernel: No NUMA configuration found
May 10 07:51:12 tiJoeLinux kernel: Faking a node at [mem 0x0000000000000000-0x000000032f5fffff]
May 10 07:51:12 tiJoeLinux kernel: NODE_DATA(0) allocated [mem 0x32f5ed000-0x32f5f1fff]
May 10 07:51:12 tiJoeLinux kernel:  [ffffea0000000000-ffffea000cbfffff] PMD -> [ffff880322c00000-ffff88032ebfffff] on node 0
May 10 07:51:12 tiJoeLinux kernel: Zone ranges:
May 10 07:51:12 tiJoeLinux kernel:   DMA      [mem 0x0000000000001000-0x0000000000ffffff]
May 10 07:51:12 tiJoeLinux kernel:   DMA32    [mem 0x0000000001000000-0x00000000ffffffff]
May 10 07:51:12 tiJoeLinux kernel:   Normal   [mem 0x0000000100000000-0x000000032f5fffff]
May 10 07:51:12 tiJoeLinux kernel: Movable zone start for each node
May 10 07:51:12 tiJoeLinux kernel: Early memory node ranges
May 10 07:51:12 tiJoeLinux kernel:   node   0: [mem 0x0000000000001000-0x000000000009dfff]
May 10 07:51:12 tiJoeLinux kernel:   node   0: [mem 0x0000000000100000-0x000000001fffffff]
May 10 07:51:12 tiJoeLinux kernel:   node   0: [mem 0x0000000020200000-0x0000000040003fff]
May 10 07:51:12 tiJoeLinux kernel:   node   0: [mem 0x0000000040005000-0x00000000c9714fff]
May 10 07:51:12 tiJoeLinux kernel:   node   0: [mem 0x00000000ca87c000-0x00000000ca87cfff]
May 10 07:51:12 tiJoeLinux kernel:   node   0: [mem 0x00000000ca8c0000-0x00000000cacddfff]
May 10 07:51:12 tiJoeLinux kernel:   node   0: [mem 0x00000000caff4000-0x00000000caffffff]
May 10 07:51:12 tiJoeLinux kernel:   node   0: [mem 0x0000000100000000-0x000000032f5fffff]
May 10 07:51:12 tiJoeLinux kernel: Initmem setup node 0 [mem 0x0000000000001000-0x000000032f5fffff]
May 10 07:51:12 tiJoeLinux kernel: On node 0 totalpages: 3116764
May 10 07:51:12 tiJoeLinux kernel:   DMA zone: 64 pages used for memmap
May 10 07:51:12 tiJoeLinux kernel:   DMA zone: 22 pages reserved
May 10 07:51:12 tiJoeLinux kernel:   DMA zone: 3997 pages, LIFO batch:0
May 10 07:51:12 tiJoeLinux kernel:   DMA32 zone: 12837 pages used for memmap
May 10 07:51:12 tiJoeLinux kernel:   DMA32 zone: 821567 pages, LIFO batch:31
May 10 07:51:12 tiJoeLinux kernel:   Normal zone: 35800 pages used for memmap
May 10 07:51:12 tiJoeLinux kernel:   Normal zone: 2291200 pages, LIFO batch:31
May 10 07:51:12 tiJoeLinux kernel: tboot: non-0 tboot_addr but it is not of type E820_RESERVED
May 10 07:51:12 tiJoeLinux kernel: Reserving Intel graphics stolen memory at 0xcba00000-0xcf9fffff
May 10 07:51:12 tiJoeLinux kernel: ACPI: PM-Timer IO Port: 0x408
May 10 07:51:12 tiJoeLinux kernel: ACPI: Local APIC address 0xfee00000
May 10 07:51:12 tiJoeLinux kernel: ACPI: LAPIC_NMI (acpi_id[0xff] high edge lint[0x1])
May 10 07:51:12 tiJoeLinux kernel: IOAPIC[0]: apic_id 2, version 32, address 0xfec00000, GSI 0-23
May 10 07:51:12 tiJoeLinux kernel: ACPI: INT_SRC_OVR (bus 0 bus_irq 0 global_irq 2 high edge)
May 10 07:51:12 tiJoeLinux kernel: ACPI: INT_SRC_OVR (bus 0 bus_irq 9 global_irq 9 high level)
May 10 07:51:12 tiJoeLinux kernel: ACPI: IRQ0 used by override.
May 10 07:51:12 tiJoeLinux kernel: ACPI: IRQ9 used by override.
May 10 07:51:12 tiJoeLinux kernel: Using ACPI (MADT) for SMP configuration information
May 10 07:51:12 tiJoeLinux kernel: ACPI: HPET id: 0x8086a701 base: 0xfed00000
May 10 07:51:12 tiJoeLinux kernel: smpboot: Allowing 8 CPUs, 0 hotplug CPUs
May 10 07:51:12 tiJoeLinux kernel: PM: Registered nosave memory: [mem 0x00000000-0x00000fff]
May 10 07:51:12 tiJoeLinux kernel: PM: Registered nosave memory: [mem 0x0009e000-0x0009ffff]
May 10 07:51:12 tiJoeLinux kernel: PM: Registered nosave memory: [mem 0x000a0000-0x000fffff]
May 10 07:51:12 tiJoeLinux kernel: PM: Registered nosave memory: [mem 0x20000000-0x201fffff]
May 10 07:51:12 tiJoeLinux kernel: PM: Registered nosave memory: [mem 0x40004000-0x40004fff]
May 10 07:51:12 tiJoeLinux kernel: PM: Registered nosave memory: [mem 0x94e9c000-0x94e9cfff]
May 10 07:51:12 tiJoeLinux kernel: PM: Registered nosave memory: [mem 0x94eab000-0x94eabfff]
May 10 07:51:12 tiJoeLinux kernel: PM: Registered nosave memory: [mem 0xc9715000-0xc9b83fff]
May 10 07:51:12 tiJoeLinux kernel: PM: Registered nosave memory: [mem 0xc9b84000-0xc9b93fff]
May 10 07:51:12 tiJoeLinux kernel: PM: Registered nosave memory: [mem 0xc9b94000-0xca1cefff]
May 10 07:51:12 tiJoeLinux kernel: PM: Registered nosave memory: [mem 0xca1cf000-0xca87bfff]
May 10 07:51:12 tiJoeLinux kernel: PM: Registered nosave memory: [mem 0xca87d000-0xca8bffff]
May 10 07:51:12 tiJoeLinux kernel: PM: Registered nosave memory: [mem 0xcacde000-0xcaff3fff]
May 10 07:51:12 tiJoeLinux kernel: PM: Registered nosave memory: [mem 0xcb000000-0xcb7fffff]
May 10 07:51:12 tiJoeLinux kernel: PM: Registered nosave memory: [mem 0xcb800000-0xcf9fffff]
May 10 07:51:12 tiJoeLinux kernel: PM: Registered nosave memory: [mem 0xcfa00000-0xf7ffffff]
May 10 07:51:12 tiJoeLinux kernel: PM: Registered nosave memory: [mem 0xf8000000-0xfbffffff]
May 10 07:51:12 tiJoeLinux kernel: PM: Registered nosave memory: [mem 0xfc000000-0xfebfffff]
May 10 07:51:12 tiJoeLinux kernel: PM: Registered nosave memory: [mem 0xfec00000-0xfec00fff]
May 10 07:51:12 tiJoeLinux kernel: PM: Registered nosave memory: [mem 0xfec01000-0xfecfffff]
May 10 07:51:12 tiJoeLinux kernel: PM: Registered nosave memory: [mem 0xfed00000-0xfed03fff]
May 10 07:51:12 tiJoeLinux kernel: PM: Registered nosave memory: [mem 0xfed04000-0xfed1bfff]
May 10 07:51:12 tiJoeLinux kernel: PM: Registered nosave memory: [mem 0xfed1c000-0xfed1ffff]
May 10 07:51:12 tiJoeLinux kernel: PM: Registered nosave memory: [mem 0xfed20000-0xfedfffff]
May 10 07:51:12 tiJoeLinux kernel: PM: Registered nosave memory: [mem 0xfee00000-0xfee00fff]
May 10 07:51:12 tiJoeLinux kernel: PM: Registered nosave memory: [mem 0xfee01000-0xfeffffff]
May 10 07:51:12 tiJoeLinux kernel: PM: Registered nosave memory: [mem 0xff000000-0xffffffff]
May 10 07:51:12 tiJoeLinux kernel: e820: [mem 0xcfa00000-0xf7ffffff] available for PCI devices
May 10 07:51:12 tiJoeLinux kernel: Booting paravirtualized kernel on bare hardware
May 10 07:51:12 tiJoeLinux kernel: clocksource: refined-jiffies: mask: 0xffffffff max_cycles: 0xffffffff, max_idle_ns: 7645519600211568 ns
May 10 07:51:12 tiJoeLinux kernel: setup_percpu: NR_CPUS:256 nr_cpumask_bits:256 nr_cpu_ids:8 nr_node_ids:1
May 10 07:51:12 tiJoeLinux kernel: PERCPU: Embedded 33 pages/cpu @ffff88032f200000 s96728 r8192 d30248 u262144
May 10 07:51:12 tiJoeLinux kernel: pcpu-alloc: s96728 r8192 d30248 u262144 alloc=1*2097152
May 10 07:51:12 tiJoeLinux kernel: pcpu-alloc: [0] 0 1 2 3 4 5 6 7 
May 10 07:51:12 tiJoeLinux kernel: Built 1 zonelists in Node order, mobility grouping on.  Total pages: 3068041
May 10 07:51:12 tiJoeLinux kernel: Policy zone: Normal
May 10 07:51:12 tiJoeLinux kernel: Kernel command line: BOOT_IMAGE=/boot/vmlinuz-4.2.0-35-generic.efi.signed root=UUID=78d5e20a-8dc0-4e26-a918-ba45ae3db460 ro quiet splash vt.handoff=7
May 10 07:51:12 tiJoeLinux kernel: PID hash table entries: 4096 (order: 3, 32768 bytes)
May 10 07:51:12 tiJoeLinux kernel: Calgary: detecting Calgary via BIOS EBDA area
May 10 07:51:12 tiJoeLinux kernel: Calgary: Unable to locate Rio Grande table in EBDA - bailing!
May 10 07:51:12 tiJoeLinux kernel: Memory: 12122064K/12467056K available (8182K kernel code, 1239K rwdata, 3804K rodata, 1464K init, 1292K bss, 344992K reserved, 0K cma-reserved)
May 10 07:51:12 tiJoeLinux kernel: SLUB: HWalign=64, Order=0-3, MinObjects=0, CPUs=8, Nodes=1
May 10 07:51:12 tiJoeLinux kernel: Hierarchical RCU implementation.
May 10 07:51:12 tiJoeLinux kernel:         Build-time adjustment of leaf fanout to 64.
May 10 07:51:12 tiJoeLinux kernel:         RCU restricting CPUs from NR_CPUS=256 to nr_cpu_ids=8.
May 10 07:51:12 tiJoeLinux kernel: RCU: Adjusting geometry for rcu_fanout_leaf=64, nr_cpu_ids=8
May 10 07:51:12 tiJoeLinux kernel: NR_IRQS:16640 nr_irqs:488 16
May 10 07:51:12 tiJoeLinux kernel:         Offload RCU callbacks from all CPUs
May 10 07:51:12 tiJoeLinux kernel:         Offload RCU callbacks from CPUs: 0-7.
May 10 07:51:12 tiJoeLinux kernel: vt handoff: transparent VT on vt#7
May 10 07:51:12 tiJoeLinux kernel: Console: colour dummy device 80x25
May 10 07:51:12 tiJoeLinux kernel: console [tty0] enabled
May 10 07:51:12 tiJoeLinux kernel: clocksource: hpet: mask: 0xffffffff max_cycles: 0xffffffff, max_idle_ns: 133484882848 ns
May 10 07:51:12 tiJoeLinux kernel: hpet clockevent registered
May 10 07:51:12 tiJoeLinux kernel: tsc: Fast TSC calibration using PIT
May 10 07:51:12 tiJoeLinux kernel: tsc: Detected 2394.450 MHz processor
May 10 07:51:12 tiJoeLinux kernel: Calibrating delay loop (skipped), value calculated using timer frequency.. 4788.90 BogoMIPS (lpj=9577800)
May 10 07:51:12 tiJoeLinux kernel: pid_max: default: 32768 minimum: 301
May 10 07:51:12 tiJoeLinux kernel: ACPI: Core revision 20150619
May 10 07:51:12 tiJoeLinux kernel: ACPI: All ACPI Tables successfully acquired
May 10 07:51:12 tiJoeLinux kernel: Security Framework initialized
May 10 07:51:12 tiJoeLinux kernel: AppArmor: AppArmor initialized
May 10 07:51:12 tiJoeLinux kernel: Yama: becoming mindful.
May 10 07:51:12 tiJoeLinux kernel: Dentry cache hash table entries: 2097152 (order: 12, 16777216 bytes)
May 10 07:51:12 tiJoeLinux kernel: Inode-cache hash table entries: 1048576 (order: 11, 8388608 bytes)
May 10 07:51:12 tiJoeLinux kernel: Mount-cache hash table entries: 32768 (order: 6, 262144 bytes)
May 10 07:51:12 tiJoeLinux kernel: Mountpoint-cache hash table entries: 32768 (order: 6, 262144 bytes)
May 10 07:51:12 tiJoeLinux kernel: Initializing cgroup subsys blkio
May 10 07:51:12 tiJoeLinux kernel: Initializing cgroup subsys memory
May 10 07:51:12 tiJoeLinux kernel: Initializing cgroup subsys devices
May 10 07:51:12 tiJoeLinux kernel: Initializing cgroup subsys freezer
May 10 07:51:12 tiJoeLinux kernel: Initializing cgroup subsys net_cls
May 10 07:51:12 tiJoeLinux kernel: Initializing cgroup subsys perf_event
May 10 07:51:12 tiJoeLinux kernel: Initializing cgroup subsys net_prio
May 10 07:51:12 tiJoeLinux kernel: Initializing cgroup subsys hugetlb
May 10 07:51:12 tiJoeLinux kernel: CPU: Physical Processor ID: 0
May 10 07:51:12 tiJoeLinux kernel: CPU: Processor Core ID: 0
May 10 07:51:12 tiJoeLinux kernel: ENERGY_PERF_BIAS: Set to 'normal', was 'performance'
May 10 07:51:12 tiJoeLinux kernel: ENERGY_PERF_BIAS: View and update with x86_energy_perf_policy(8)
May 10 07:51:12 tiJoeLinux kernel: mce: CPU supports 9 MCE banks
May 10 07:51:12 tiJoeLinux kernel: CPU0: Thermal monitoring enabled (TM1)
May 10 07:51:12 tiJoeLinux kernel: process: using mwait in idle threads
May 10 07:51:12 tiJoeLinux kernel: Last level iTLB entries: 4KB 512, 2MB 8, 4MB 8
May 10 07:51:12 tiJoeLinux kernel: Last level dTLB entries: 4KB 512, 2MB 32, 4MB 32, 1GB 0
May 10 07:51:12 tiJoeLinux kernel: Freeing SMP alternatives memory: 28K (ffffffff820a5000 - ffffffff820ac000)
May 10 07:51:12 tiJoeLinux kernel: ftrace: allocating 30947 entries in 121 pages
May 10 07:51:12 tiJoeLinux kernel: DMAR: Host address width 36
May 10 07:51:12 tiJoeLinux kernel: DMAR: DRHD base: 0x000000fed90000 flags: 0x0
May 10 07:51:12 tiJoeLinux kernel: DMAR: dmar0: reg_base_addr fed90000 ver 1:0 cap c0000020e60262 ecap f0101a
May 10 07:51:12 tiJoeLinux kernel: DMAR: DRHD base: 0x000000fed91000 flags: 0x1
May 10 07:51:12 tiJoeLinux kernel: DMAR: dmar1: reg_base_addr fed91000 ver 1:0 cap c9008020660262 ecap f0105a
May 10 07:51:12 tiJoeLinux kernel: DMAR: RMRR base: 0x000000c9b1b000 end: 0x000000c9b27fff
May 10 07:51:12 tiJoeLinux kernel: DMAR: RMRR base: 0x000000cb800000 end: 0x000000cf9fffff
May 10 07:51:12 tiJoeLinux kernel: DMAR-IR: IOAPIC id 2 under DRHD base  0xfed91000 IOMMU 1
May 10 07:51:12 tiJoeLinux kernel: DMAR-IR: HPET id 0 under DRHD base 0xfed91000
May 10 07:51:12 tiJoeLinux kernel: DMAR-IR: Queued invalidation will be enabled to support x2apic and Intr-remapping.
May 10 07:51:12 tiJoeLinux kernel: DMAR-IR: Enabled IRQ remapping in x2apic mode
May 10 07:51:12 tiJoeLinux kernel: x2apic enabled
May 10 07:51:12 tiJoeLinux kernel: Switched APIC routing to cluster x2apic.
May 10 07:51:12 tiJoeLinux kernel: ..TIMER: vector=0x30 apic1=0 pin1=2 apic2=-1 pin2=-1
May 10 07:51:12 tiJoeLinux kernel: TSC deadline timer enabled
May 10 07:51:12 tiJoeLinux kernel: smpboot: CPU0: Intel(R) Core(TM) i7-3635QM CPU @ 2.40GHz (fam: 06, model: 3a, stepping: 09)
May 10 07:51:12 tiJoeLinux kernel: Performance Events: PEBS fmt1+, 16-deep LBR, IvyBridge events, full-width counters, Intel PMU driver.
May 10 07:51:12 tiJoeLinux kernel: ... version:                3
May 10 07:51:12 tiJoeLinux kernel: ... bit width:              48
May 10 07:51:12 tiJoeLinux kernel: ... generic registers:      4
May 10 07:51:12 tiJoeLinux kernel: ... value mask:             0000ffffffffffff
May 10 07:51:12 tiJoeLinux kernel: ... max period:             0000ffffffffffff
May 10 07:51:12 tiJoeLinux kernel: ... fixed-purpose events:   3
May 10 07:51:12 tiJoeLinux kernel: ... event mask:             000000070000000f
May 10 07:51:12 tiJoeLinux kernel: x86: Booting SMP configuration:
May 10 07:51:12 tiJoeLinux kernel: .... node  #0, CPUs:      #1
May 10 07:51:12 tiJoeLinux kernel: microcode: CPU1 microcode updated early to revision 0x1b, date = 2014-05-29
May 10 07:51:12 tiJoeLinux kernel: NMI watchdog: enabled on all CPUs, permanently consumes one hw-PMU counter.
May 10 07:51:12 tiJoeLinux kernel:  #2
May 10 07:51:12 tiJoeLinux kernel: microcode: CPU2 microcode updated early to revision 0x1b, date = 2014-05-29
May 10 07:51:12 tiJoeLinux kernel:  #3
May 10 07:51:12 tiJoeLinux kernel: microcode: CPU3 microcode updated early to revision 0x1b, date = 2014-05-29
May 10 07:51:12 tiJoeLinux kernel:  #4 #5 #6 #7
May 10 07:51:12 tiJoeLinux kernel: x86: Booted up 1 node, 8 CPUs
May 10 07:51:12 tiJoeLinux kernel: smpboot: Total of 8 processors activated (38311.20 BogoMIPS)
May 10 07:51:12 tiJoeLinux kernel: devtmpfs: initialized
May 10 07:51:12 tiJoeLinux kernel: evm: security.selinux
May 10 07:51:12 tiJoeLinux kernel: evm: security.SMACK64
May 10 07:51:12 tiJoeLinux kernel: evm: security.SMACK64EXEC
May 10 07:51:12 tiJoeLinux kernel: evm: security.SMACK64TRANSMUTE
May 10 07:51:12 tiJoeLinux kernel: evm: security.SMACK64MMAP
May 10 07:51:12 tiJoeLinux kernel: evm: security.ima
May 10 07:51:12 tiJoeLinux kernel: evm: security.capability
May 10 07:51:12 tiJoeLinux kernel: PM: Registering ACPI NVS region [mem 0xc9b94000-0xca1cefff] (6533120 bytes)
May 10 07:51:12 tiJoeLinux kernel: PM: Registering ACPI NVS region [mem 0xca87d000-0xca8bffff] (274432 bytes)
May 10 07:51:12 tiJoeLinux kernel: clocksource: jiffies: mask: 0xffffffff max_cycles: 0xffffffff, max_idle_ns: 7645041785100000 ns
May 10 07:51:12 tiJoeLinux kernel: pinctrl core: initialized pinctrl subsystem
May 10 07:51:12 tiJoeLinux kernel: RTC time: 13:51:08, date: 05/10/16
May 10 07:51:12 tiJoeLinux kernel: NET: Registered protocol family 16
May 10 07:51:12 tiJoeLinux kernel: cpuidle: using governor ladder
May 10 07:51:12 tiJoeLinux kernel: cpuidle: using governor menu
May 10 07:51:12 tiJoeLinux kernel: ACPI FADT declares the system doesn't support PCIe ASPM, so disable it
May 10 07:51:12 tiJoeLinux kernel: ACPI: bus type PCI registered
May 10 07:51:12 tiJoeLinux kernel: acpiphp: ACPI Hot Plug PCI Controller Driver version: 0.5
May 10 07:51:12 tiJoeLinux kernel: PCI: MMCONFIG for domain 0000 [bus 00-3f] at [mem 0xf8000000-0xfbffffff] (base 0xf8000000)
May 10 07:51:12 tiJoeLinux kernel: PCI: MMCONFIG at [mem 0xf8000000-0xfbffffff] reserved in E820
May 10 07:51:12 tiJoeLinux kernel: pmd_set_huge: Cannot satisfy [mem 0xf8000000-0xf8200000] with a huge-page mapping due to MTRR override.
May 10 07:51:12 tiJoeLinux kernel: PCI: Using configuration type 1 for base access
May 10 07:51:12 tiJoeLinux kernel: perf_event_intel: PMU erratum BJ122, BV98, HSD29 worked around, HT is on
May 10 07:51:12 tiJoeLinux kernel: ACPI: Added _OSI(Module Device)
May 10 07:51:12 tiJoeLinux kernel: ACPI: Added _OSI(Processor Device)
May 10 07:51:12 tiJoeLinux kernel: ACPI: Added _OSI(3.0 _SCP Extensions)
May 10 07:51:12 tiJoeLinux kernel: ACPI: Added _OSI(Processor Aggregator Device)
May 10 07:51:12 tiJoeLinux kernel: ACPI: Executed 1 blocks of module-level executable AML code
May 10 07:51:12 tiJoeLinux kernel: [Firmware Bug]: ACPI: BIOS _OSI(Linux) query ignored
May 10 07:51:12 tiJoeLinux kernel: ACPI: Dynamic OEM Table Load:
May 10 07:51:12 tiJoeLinux kernel: ACPI: SSDT 0xFFFF880320722000 000775 (v01 PmRef  Cpu0Cst  00003001 INTL 20051117)
May 10 07:51:12 tiJoeLinux kernel: ACPI: Dynamic OEM Table Load:
May 10 07:51:12 tiJoeLinux kernel: ACPI: SSDT 0xFFFF88032071DC00 000303 (v01 PmRef  ApIst    00003000 INTL 20051117)
May 10 07:51:12 tiJoeLinux kernel: ACPI: Dynamic OEM Table Load:
May 10 07:51:12 tiJoeLinux kernel: ACPI: SSDT 0xFFFF880320717800 000119 (v01 PmRef  ApCst    00003000 INTL 20051117)
May 10 07:51:12 tiJoeLinux kernel: ACPI : EC: EC started
May 10 07:51:12 tiJoeLinux kernel: ACPI: Interpreter enabled
May 10 07:51:12 tiJoeLinux kernel: ACPI Exception: AE_NOT_FOUND, While evaluating Sleep State [\_S1_] (20150619/hwxface-580)
May 10 07:51:12 tiJoeLinux kernel: ACPI Exception: AE_NOT_FOUND, While evaluating Sleep State [\_S2_] (20150619/hwxface-580)
May 10 07:51:12 tiJoeLinux kernel: ACPI: (supports S0 S3 S4 S5)
May 10 07:51:12 tiJoeLinux kernel: ACPI: Using IOAPIC for interrupt routing
May 10 07:51:12 tiJoeLinux kernel: PCI: Using host bridge windows from ACPI; if necessary, use "pci=nocrs" and report a bug
May 10 07:51:12 tiJoeLinux kernel: ACPI: Power Resource [FN00] (off)
May 10 07:51:12 tiJoeLinux kernel: ACPI: Power Resource [FN01] (off)
May 10 07:51:12 tiJoeLinux kernel: ACPI: PCI Root Bridge [PCI0] (domain 0000 [bus 00-3e])
May 10 07:51:12 tiJoeLinux kernel: acpi PNP0A08:00: _OSC: OS supports [ExtendedConfig ASPM ClockPM Segments MSI]
May 10 07:51:12 tiJoeLinux kernel: acpi PNP0A08:00: _OSC: platform does not support [PCIeHotplug PME]
May 10 07:51:12 tiJoeLinux kernel: acpi PNP0A08:00: _OSC: OS now controls [AER PCIeCapability]
May 10 07:51:12 tiJoeLinux kernel: acpi PNP0A08:00: FADT indicates ASPM is unsupported, using BIOS configuration
May 10 07:51:12 tiJoeLinux kernel: PCI host bridge to bus 0000:00
May 10 07:51:12 tiJoeLinux kernel: pci_bus 0000:00: root bus resource [bus 00-3e]
May 10 07:51:12 tiJoeLinux kernel: pci_bus 0000:00: root bus resource [io  0x0000-0x0cf7 window]
May 10 07:51:12 tiJoeLinux kernel: pci_bus 0000:00: root bus resource [io  0x0d00-0xffff window]
May 10 07:51:12 tiJoeLinux kernel: pci_bus 0000:00: root bus resource [mem 0x000a0000-0x000bffff window]
May 10 07:51:12 tiJoeLinux kernel: pci_bus 0000:00: root bus resource [mem 0x000c0000-0x000c3fff window]
May 10 07:51:12 tiJoeLinux kernel: pci_bus 0000:00: root bus resource [mem 0x000c4000-0x000c7fff window]
May 10 07:51:12 tiJoeLinux kernel: pci_bus 0000:00: root bus resource [mem 0x000c8000-0x000cbfff window]
May 10 07:51:12 tiJoeLinux kernel: pci_bus 0000:00: root bus resource [mem 0x000cc000-0x000cffff window]
May 10 07:51:12 tiJoeLinux kernel: pci_bus 0000:00: root bus resource [mem 0x000d0000-0x000d3fff window]
May 10 07:51:12 tiJoeLinux kernel: pci_bus 0000:00: root bus resource [mem 0x000d4000-0x000d7fff window]
May 10 07:51:12 tiJoeLinux kernel: pci_bus 0000:00: root bus resource [mem 0x000d8000-0x000dbfff window]
May 10 07:51:12 tiJoeLinux kernel: pci_bus 0000:00: root bus resource [mem 0x000dc000-0x000dffff window]
May 10 07:51:12 tiJoeLinux kernel: pci_bus 0000:00: root bus resource [mem 0x000e0000-0x000e3fff window]
May 10 07:51:12 tiJoeLinux kernel: pci_bus 0000:00: root bus resource [mem 0x000e4000-0x000e7fff window]
May 10 07:51:12 tiJoeLinux kernel: pci_bus 0000:00: root bus resource [mem 0x000e8000-0x000ebfff window]
May 10 07:51:12 tiJoeLinux kernel: pci_bus 0000:00: root bus resource [mem 0x000ec000-0x000effff window]
May 10 07:51:12 tiJoeLinux kernel: pci_bus 0000:00: root bus resource [mem 0x000f0000-0x000fffff window]
May 10 07:51:12 tiJoeLinux kernel: pci_bus 0000:00: root bus resource [mem 0xcfa00000-0xfeafffff window]
May 10 07:51:12 tiJoeLinux kernel: pci 0000:00:00.0: [8086:0154] type 00 class 0x060000
May 10 07:51:12 tiJoeLinux kernel: pci 0000:00:01.0: [8086:0151] type 01 class 0x060400
May 10 07:51:12 tiJoeLinux kernel: pci 0000:00:01.0: PME# supported from D0 D3hot D3cold
May 10 07:51:12 tiJoeLinux kernel: pci 0000:00:01.0: System wakeup disabled by ACPI
May 10 07:51:12 tiJoeLinux kernel: pci 0000:00:02.0: [8086:0166] type 00 class 0x030000
May 10 07:51:12 tiJoeLinux kernel: pci 0000:00:02.0: reg 0x10: [mem 0xf7800000-0xf7bfffff 64bit]
May 10 07:51:12 tiJoeLinux kernel: pci 0000:00:02.0: reg 0x18: [mem 0xd0000000-0xdfffffff 64bit pref]
May 10 07:51:12 tiJoeLinux kernel: pci 0000:00:02.0: reg 0x20: [io  0xf000-0xf03f]
May 10 07:51:12 tiJoeLinux kernel: pci 0000:00:14.0: [8086:1e31] type 00 class 0x0c0330
May 10 07:51:12 tiJoeLinux kernel: pci 0000:00:14.0: reg 0x10: [mem 0xf7f00000-0xf7f0ffff 64bit]
May 10 07:51:12 tiJoeLinux kernel: pci 0000:00:14.0: PME# supported from D3hot D3cold
May 10 07:51:12 tiJoeLinux kernel: pci 0000:00:16.0: [8086:1e3a] type 00 class 0x078000
May 10 07:51:12 tiJoeLinux kernel: pci 0000:00:16.0: reg 0x10: [mem 0xf7f1a000-0xf7f1a00f 64bit]
May 10 07:51:12 tiJoeLinux kernel: pci 0000:00:16.0: PME# supported from D0 D3hot D3cold
May 10 07:51:12 tiJoeLinux kernel: pci 0000:00:1a.0: [8086:1e2d] type 00 class 0x0c0320
May 10 07:51:12 tiJoeLinux kernel: pci 0000:00:1a.0: reg 0x10: [mem 0xf7f18000-0xf7f183ff]
May 10 07:51:12 tiJoeLinux kernel: pci 0000:00:1a.0: PME# supported from D0 D3hot D3cold
May 10 07:51:12 tiJoeLinux kernel: pci 0000:00:1b.0: [8086:1e20] type 00 class 0x040300
May 10 07:51:12 tiJoeLinux kernel: pci 0000:00:1b.0: reg 0x10: [mem 0xf7f10000-0xf7f13fff 64bit]
May 10 07:51:12 tiJoeLinux kernel: pci 0000:00:1b.0: PME# supported from D0 D3hot D3cold
May 10 07:51:12 tiJoeLinux kernel: pci 0000:00:1c.0: [8086:1e10] type 01 class 0x060400
May 10 07:51:12 tiJoeLinux kernel: pci 0000:00:1c.0: PME# supported from D0 D3hot D3cold
May 10 07:51:12 tiJoeLinux kernel: pci 0000:00:1c.0: System wakeup disabled by ACPI
May 10 07:51:12 tiJoeLinux kernel: pci 0000:00:1c.3: [8086:1e16] type 01 class 0x060400
May 10 07:51:12 tiJoeLinux kernel: pci 0000:00:1c.3: PME# supported from D0 D3hot D3cold
May 10 07:51:12 tiJoeLinux kernel: pci 0000:00:1c.3: System wakeup disabled by ACPI
May 10 07:51:12 tiJoeLinux kernel: pci 0000:00:1d.0: [8086:1e26] type 00 class 0x0c0320
May 10 07:51:12 tiJoeLinux kernel: pci 0000:00:1d.0: reg 0x10: [mem 0xf7f17000-0xf7f173ff]
May 10 07:51:12 tiJoeLinux kernel: pci 0000:00:1d.0: PME# supported from D0 D3hot D3cold
May 10 07:51:12 tiJoeLinux kernel: pci 0000:00:1f.0: [8086:1e59] type 00 class 0x060100
May 10 07:51:12 tiJoeLinux kernel: pci 0000:00:1f.2: [8086:1e03] type 00 class 0x010601
May 10 07:51:12 tiJoeLinux kernel: pci 0000:00:1f.2: reg 0x10: [io  0xf0b0-0xf0b7]
May 10 07:51:12 tiJoeLinux kernel: pci 0000:00:1f.2: reg 0x14: [io  0xf0a0-0xf0a3]
May 10 07:51:12 tiJoeLinux kernel: pci 0000:00:1f.2: reg 0x18: [io  0xf090-0xf097]
May 10 07:51:12 tiJoeLinux kernel: pci 0000:00:1f.2: reg 0x1c: [io  0xf080-0xf083]
May 10 07:51:12 tiJoeLinux kernel: pci 0000:00:1f.2: reg 0x20: [io  0xf060-0xf07f]
May 10 07:51:12 tiJoeLinux kernel: pci 0000:00:1f.2: reg 0x24: [mem 0xf7f16000-0xf7f167ff]
May 10 07:51:12 tiJoeLinux kernel: pci 0000:00:1f.2: PME# supported from D3hot
May 10 07:51:12 tiJoeLinux kernel: pci 0000:00:1f.3: [8086:1e22] type 00 class 0x0c0500
May 10 07:51:12 tiJoeLinux kernel: pci 0000:00:1f.3: reg 0x10: [mem 0xf7f15000-0xf7f150ff 64bit]
May 10 07:51:12 tiJoeLinux kernel: pci 0000:00:1f.3: reg 0x20: [io  0xf040-0xf05f]
May 10 07:51:12 tiJoeLinux kernel: pci 0000:01:00.0: [1002:6600] type 00 class 0x038000
May 10 07:51:12 tiJoeLinux kernel: pci 0000:01:00.0: reg 0x10: [mem 0xe0000000-0xefffffff 64bit pref]
May 10 07:51:12 tiJoeLinux kernel: pci 0000:01:00.0: reg 0x18: [mem 0xf7e00000-0xf7e3ffff 64bit]
May 10 07:51:12 tiJoeLinux kernel: pci 0000:01:00.0: reg 0x20: [io  0xe000-0xe0ff]
May 10 07:51:12 tiJoeLinux kernel: pci 0000:01:00.0: reg 0x30: [mem 0xf7e40000-0xf7e5ffff pref]
May 10 07:51:12 tiJoeLinux kernel: pci 0000:01:00.0: supports D1 D2
May 10 07:51:12 tiJoeLinux kernel: pci 0000:01:00.0: PME# supported from D1 D2 D3hot
May 10 07:51:12 tiJoeLinux kernel: pci 0000:01:00.0: System wakeup disabled by ACPI
May 10 07:51:12 tiJoeLinux kernel: pci 0000:00:01.0: PCI bridge to [bus 01]
May 10 07:51:12 tiJoeLinux kernel: pci 0000:00:01.0:   bridge window [io  0xe000-0xefff]
May 10 07:51:12 tiJoeLinux kernel: pci 0000:00:01.0:   bridge window [mem 0xf7e00000-0xf7efffff]
May 10 07:51:12 tiJoeLinux kernel: pci 0000:00:01.0:   bridge window [mem 0xe0000000-0xefffffff 64bit pref]
May 10 07:51:12 tiJoeLinux kernel: pci 0000:02:00.0: [8086:088e] type 00 class 0x028000
May 10 07:51:12 tiJoeLinux kernel: pci 0000:02:00.0: reg 0x10: [mem 0xf7d00000-0xf7d01fff 64bit]
May 10 07:51:12 tiJoeLinux kernel: pci 0000:02:00.0: PME# supported from D0 D3hot D3cold
May 10 07:51:12 tiJoeLinux kernel: pci 0000:00:1c.0: PCI bridge to [bus 02]
May 10 07:51:12 tiJoeLinux kernel: pci 0000:00:1c.0:   bridge window [mem 0xf7d00000-0xf7dfffff]
May 10 07:51:12 tiJoeLinux kernel: pci 0000:03:00.0: [10ec:8168] type 00 class 0x020000
May 10 07:51:12 tiJoeLinux kernel: pci 0000:03:00.0: reg 0x10: [io  0xd000-0xd0ff]
May 10 07:51:12 tiJoeLinux kernel: pci 0000:03:00.0: reg 0x18: [mem 0xf7c00000-0xf7c00fff 64bit]
May 10 07:51:12 tiJoeLinux kernel: pci 0000:03:00.0: reg 0x20: [mem 0xf0000000-0xf0003fff 64bit pref]
May 10 07:51:12 tiJoeLinux kernel: pci 0000:03:00.0: supports D1 D2
May 10 07:51:12 tiJoeLinux kernel: pci 0000:03:00.0: PME# supported from D0 D1 D2 D3hot D3cold
May 10 07:51:12 tiJoeLinux kernel: pci 0000:00:1c.3: PCI bridge to [bus 03]
May 10 07:51:12 tiJoeLinux kernel: pci 0000:00:1c.3:   bridge window [io  0xd000-0xdfff]
May 10 07:51:12 tiJoeLinux kernel: pci 0000:00:1c.3:   bridge window [mem 0xf7c00000-0xf7cfffff]
May 10 07:51:12 tiJoeLinux kernel: pci 0000:00:1c.3:   bridge window [mem 0xf0000000-0xf00fffff 64bit pref]
May 10 07:51:12 tiJoeLinux kernel: ACPI: PCI Interrupt Link [LNKA] (IRQs 5 7 10 11) *0, disabled.
May 10 07:51:12 tiJoeLinux kernel: ACPI: PCI Interrupt Link [LNKB] (IRQs 5 7 10 11) *0, disabled.
May 10 07:51:12 tiJoeLinux kernel: ACPI: PCI Interrupt Link [LNKC] (IRQs 5 7 10 11) *0, disabled.
May 10 07:51:12 tiJoeLinux kernel: ACPI: PCI Interrupt Link [LNKD] (IRQs 5 7 10 11) *0, disabled.
May 10 07:51:12 tiJoeLinux kernel: ACPI: PCI Interrupt Link [LNKE] (IRQs 5 7 10 11) *0, disabled.
May 10 07:51:12 tiJoeLinux kernel: ACPI: PCI Interrupt Link [LNKF] (IRQs 5 7 10 11) *0, disabled.
May 10 07:51:12 tiJoeLinux kernel: ACPI: PCI Interrupt Link [LNKG] (IRQs 5 7 10 11) *0, disabled.
May 10 07:51:12 tiJoeLinux kernel: ACPI: PCI Interrupt Link [LNKH] (IRQs 5 7 10 11) *0, disabled.
May 10 07:51:12 tiJoeLinux kernel: ACPI: Enabled 4 GPEs in block 00 to 3F
May 10 07:51:12 tiJoeLinux kernel: ACPI : EC: GPE = 0x17, I/O: command/status = 0x66, data = 0x62
May 10 07:51:12 tiJoeLinux kernel: ACPI : EC: 0 stale EC events cleared
May 10 07:51:12 tiJoeLinux kernel: vgaarb: setting as boot device: PCI:0000:00:02.0
May 10 07:51:12 tiJoeLinux kernel: vgaarb: device added: PCI:0000:00:02.0,decodes=io+mem,owns=io+mem,locks=none
May 10 07:51:12 tiJoeLinux kernel: vgaarb: loaded
May 10 07:51:12 tiJoeLinux kernel: vgaarb: bridge control possible 0000:00:02.0
May 10 07:51:12 tiJoeLinux kernel: SCSI subsystem initialized
May 10 07:51:12 tiJoeLinux kernel: libata version 3.00 loaded.
May 10 07:51:12 tiJoeLinux kernel: ACPI: bus type USB registered
May 10 07:51:12 tiJoeLinux kernel: usbcore: registered new interface driver usbfs
May 10 07:51:12 tiJoeLinux kernel: usbcore: registered new interface driver hub
May 10 07:51:12 tiJoeLinux kernel: usbcore: registered new device driver usb
May 10 07:51:12 tiJoeLinux kernel: PCI: Using ACPI for IRQ routing
May 10 07:51:12 tiJoeLinux kernel: PCI: pci_cache_line_size set to 64 bytes
May 10 07:51:12 tiJoeLinux kernel: e820: reserve RAM buffer [mem 0x0009e000-0x0009ffff]
May 10 07:51:12 tiJoeLinux kernel: e820: reserve RAM buffer [mem 0x40004000-0x43ffffff]
May 10 07:51:12 tiJoeLinux kernel: e820: reserve RAM buffer [mem 0x94e9c018-0x97ffffff]
May 10 07:51:12 tiJoeLinux kernel: e820: reserve RAM buffer [mem 0xc9715000-0xcbffffff]
May 10 07:51:12 tiJoeLinux kernel: e820: reserve RAM buffer [mem 0xca87d000-0xcbffffff]
May 10 07:51:12 tiJoeLinux kernel: e820: reserve RAM buffer [mem 0xcacde000-0xcbffffff]
May 10 07:51:12 tiJoeLinux kernel: e820: reserve RAM buffer [mem 0xcb000000-0xcbffffff]
May 10 07:51:12 tiJoeLinux kernel: e820: reserve RAM buffer [mem 0x32f600000-0x32fffffff]
May 10 07:51:12 tiJoeLinux kernel: NetLabel: Initializing
May 10 07:51:12 tiJoeLinux kernel: NetLabel:  domain hash size = 128
May 10 07:51:12 tiJoeLinux kernel: NetLabel:  protocols = UNLABELED CIPSOv4
May 10 07:51:12 tiJoeLinux kernel: NetLabel:  unlabeled traffic allowed by default
May 10 07:51:12 tiJoeLinux kernel: hpet0: at MMIO 0xfed00000, IRQs 2, 8, 0, 0, 0, 0, 0, 0
May 10 07:51:12 tiJoeLinux kernel: hpet0: 8 comparators, 64-bit 14.318180 MHz counter
May 10 07:51:12 tiJoeLinux kernel: clocksource: Switched to clocksource hpet
May 10 07:51:12 tiJoeLinux kernel: AppArmor: AppArmor Filesystem Enabled
May 10 07:51:12 tiJoeLinux kernel: pnp: PnP ACPI init
May 10 07:51:12 tiJoeLinux kernel: system 00:00: [mem 0xfed40000-0xfed44fff] has been reserved
May 10 07:51:12 tiJoeLinux kernel: system 00:00: Plug and Play ACPI device, IDs PNP0c01 (active)
May 10 07:51:12 tiJoeLinux kernel: system 00:01: [io  0x0680-0x069f] has been reserved
May 10 07:51:12 tiJoeLinux kernel: system 00:01: [io  0x1000-0x100f] has been reserved
May 10 07:51:12 tiJoeLinux kernel: system 00:01: [io  0xffff] has been reserved
May 10 07:51:12 tiJoeLinux kernel: system 00:01: [io  0xffff] has been reserved
May 10 07:51:12 tiJoeLinux kernel: system 00:01: [io  0x0400-0x0453] could not be reserved
May 10 07:51:12 tiJoeLinux kernel: system 00:01: [io  0x0458-0x047f] has been reserved
May 10 07:51:12 tiJoeLinux kernel: system 00:01: [io  0x0500-0x057f] has been reserved
May 10 07:51:12 tiJoeLinux kernel: system 00:01: [io  0x0a00-0x0a07] has been reserved
May 10 07:51:12 tiJoeLinux kernel: system 00:01: [io  0x164e-0x164f] has been reserved
May 10 07:51:12 tiJoeLinux kernel: system 00:01: Plug and Play ACPI device, IDs PNP0c02 (active)
May 10 07:51:12 tiJoeLinux kernel: pnp 00:02: Plug and Play ACPI device, IDs PNP0b00 (active)
May 10 07:51:12 tiJoeLinux kernel: system 00:03: [io  0x0454-0x0457] has been reserved
May 10 07:51:12 tiJoeLinux kernel: system 00:03: Plug and Play ACPI device, IDs INT3f0d PNP0c02 (active)
May 10 07:51:12 tiJoeLinux kernel: pnp 00:04: Plug and Play ACPI device, IDs MSF0001 PNP0303 (active)
May 10 07:51:12 tiJoeLinux kernel: pnp 00:05: Plug and Play ACPI device, IDs ETD0b00 PNP0f13 PNP0f0e PNP0f03 (active)
May 10 07:51:12 tiJoeLinux kernel: system 00:06: [io  0x04d0-0x04d1] has been reserved
May 10 07:51:12 tiJoeLinux kernel: system 00:06: Plug and Play ACPI device, IDs PNP0c02 (active)
May 10 07:51:12 tiJoeLinux kernel: system 00:07: [mem 0xfed1c000-0xfed1ffff] has been reserved
May 10 07:51:12 tiJoeLinux kernel: system 00:07: [mem 0xfed10000-0xfed17fff] has been reserved
May 10 07:51:12 tiJoeLinux kernel: system 00:07: [mem 0xfed18000-0xfed18fff] has been reserved
May 10 07:51:12 tiJoeLinux kernel: system 00:07: [mem 0xfed19000-0xfed19fff] has been reserved
May 10 07:51:12 tiJoeLinux kernel: system 00:07: [mem 0xf8000000-0xfbffffff] has been reserved
May 10 07:51:12 tiJoeLinux kernel: system 00:07: [mem 0xfed20000-0xfed3ffff] has been reserved
May 10 07:51:12 tiJoeLinux kernel: system 00:07: [mem 0xfed90000-0xfed93fff] could not be reserved
May 10 07:51:12 tiJoeLinux kernel: system 00:07: [mem 0xfed45000-0xfed8ffff] has been reserved
May 10 07:51:12 tiJoeLinux kernel: system 00:07: [mem 0xff000000-0xffffffff] has been reserved
May 10 07:51:12 tiJoeLinux kernel: system 00:07: [mem 0xfee00000-0xfeefffff] could not be reserved
May 10 07:51:12 tiJoeLinux kernel: system 00:07: [mem 0xcfa00000-0xcfa00fff] has been reserved
May 10 07:51:12 tiJoeLinux kernel: system 00:07: Plug and Play ACPI device, IDs PNP0c02 (active)
May 10 07:51:12 tiJoeLinux kernel: system 00:08: [mem 0x20000000-0x201fffff] has been reserved
May 10 07:51:12 tiJoeLinux kernel: system 00:08: [mem 0x40004000-0x40004fff] has been reserved
May 10 07:51:12 tiJoeLinux kernel: system 00:08: Plug and Play ACPI device, IDs PNP0c01 (active)
May 10 07:51:12 tiJoeLinux kernel: pnp: PnP ACPI: found 9 devices
May 10 07:51:12 tiJoeLinux kernel: clocksource: acpi_pm: mask: 0xffffff max_cycles: 0xffffff, max_idle_ns: 2085701024 ns
May 10 07:51:12 tiJoeLinux kernel: pci 0000:00:01.0: PCI bridge to [bus 01]
May 10 07:51:12 tiJoeLinux kernel: pci 0000:00:01.0:   bridge window [io  0xe000-0xefff]
May 10 07:51:12 tiJoeLinux kernel: pci 0000:00:01.0:   bridge window [mem 0xf7e00000-0xf7efffff]
May 10 07:51:12 tiJoeLinux kernel: pci 0000:00:01.0:   bridge window [mem 0xe0000000-0xefffffff 64bit pref]
May 10 07:51:12 tiJoeLinux kernel: pci 0000:00:1c.0: PCI bridge to [bus 02]
May 10 07:51:12 tiJoeLinux kernel: pci 0000:00:1c.0:   bridge window [mem 0xf7d00000-0xf7dfffff]
May 10 07:51:12 tiJoeLinux kernel: pci 0000:00:1c.3: PCI bridge to [bus 03]
May 10 07:51:12 tiJoeLinux kernel: pci 0000:00:1c.3:   bridge window [io  0xd000-0xdfff]
May 10 07:51:12 tiJoeLinux kernel: pci 0000:00:1c.3:   bridge window [mem 0xf7c00000-0xf7cfffff]
May 10 07:51:12 tiJoeLinux kernel: pci 0000:00:1c.3:   bridge window [mem 0xf0000000-0xf00fffff 64bit pref]
May 10 07:51:12 tiJoeLinux kernel: pci_bus 0000:00: resource 4 [io  0x0000-0x0cf7 window]
May 10 07:51:12 tiJoeLinux kernel: pci_bus 0000:00: resource 5 [io  0x0d00-0xffff window]
May 10 07:51:12 tiJoeLinux kernel: pci_bus 0000:00: resource 6 [mem 0x000a0000-0x000bffff window]
May 10 07:51:12 tiJoeLinux kernel: pci_bus 0000:00: resource 7 [mem 0x000c0000-0x000c3fff window]
May 10 07:51:12 tiJoeLinux kernel: pci_bus 0000:00: resource 8 [mem 0x000c4000-0x000c7fff window]
May 10 07:51:12 tiJoeLinux kernel: pci_bus 0000:00: resource 9 [mem 0x000c8000-0x000cbfff window]
May 10 07:51:12 tiJoeLinux kernel: pci_bus 0000:00: resource 10 [mem 0x000cc000-0x000cffff window]
May 10 07:51:12 tiJoeLinux kernel: pci_bus 0000:00: resource 11 [mem 0x000d0000-0x000d3fff window]
May 10 07:51:12 tiJoeLinux kernel: pci_bus 0000:00: resource 12 [mem 0x000d4000-0x000d7fff window]
May 10 07:51:12 tiJoeLinux kernel: pci_bus 0000:00: resource 13 [mem 0x000d8000-0x000dbfff window]
May 10 07:51:12 tiJoeLinux kernel: pci_bus 0000:00: resource 14 [mem 0x000dc000-0x000dffff window]
May 10 07:51:12 tiJoeLinux kernel: pci_bus 0000:00: resource 15 [mem 0x000e0000-0x000e3fff window]
May 10 07:51:12 tiJoeLinux kernel: pci_bus 0000:00: resource 16 [mem 0x000e4000-0x000e7fff window]
May 10 07:51:12 tiJoeLinux kernel: pci_bus 0000:00: resource 17 [mem 0x000e8000-0x000ebfff window]
May 10 07:51:12 tiJoeLinux kernel: pci_bus 0000:00: resource 18 [mem 0x000ec000-0x000effff window]
May 10 07:51:12 tiJoeLinux kernel: pci_bus 0000:00: resource 19 [mem 0x000f0000-0x000fffff window]
May 10 07:51:12 tiJoeLinux kernel: pci_bus 0000:00: resource 20 [mem 0xcfa00000-0xfeafffff window]
May 10 07:51:12 tiJoeLinux kernel: pci_bus 0000:01: resource 0 [io  0xe000-0xefff]
May 10 07:51:12 tiJoeLinux kernel: pci_bus 0000:01: resource 1 [mem 0xf7e00000-0xf7efffff]
May 10 07:51:12 tiJoeLinux kernel: pci_bus 0000:01: resource 2 [mem 0xe0000000-0xefffffff 64bit pref]
May 10 07:51:12 tiJoeLinux kernel: pci_bus 0000:02: resource 1 [mem 0xf7d00000-0xf7dfffff]
May 10 07:51:12 tiJoeLinux kernel: pci_bus 0000:03: resource 0 [io  0xd000-0xdfff]
May 10 07:51:12 tiJoeLinux kernel: pci_bus 0000:03: resource 1 [mem 0xf7c00000-0xf7cfffff]
May 10 07:51:12 tiJoeLinux kernel: pci_bus 0000:03: resource 2 [mem 0xf0000000-0xf00fffff 64bit pref]
May 10 07:51:12 tiJoeLinux kernel: NET: Registered protocol family 2
May 10 07:51:12 tiJoeLinux kernel: TCP established hash table entries: 131072 (order: 8, 1048576 bytes)
May 10 07:51:12 tiJoeLinux kernel: TCP bind hash table entries: 65536 (order: 8, 1048576 bytes)
May 10 07:51:12 tiJoeLinux kernel: TCP: Hash tables configured (established 131072 bind 65536)
May 10 07:51:12 tiJoeLinux kernel: UDP hash table entries: 8192 (order: 6, 262144 bytes)
May 10 07:51:12 tiJoeLinux kernel: UDP-Lite hash table entries: 8192 (order: 6, 262144 bytes)
May 10 07:51:12 tiJoeLinux kernel: NET: Registered protocol family 1
May 10 07:51:12 tiJoeLinux kernel: pci 0000:00:02.0: Video device with shadowed ROM
May 10 07:51:12 tiJoeLinux kernel: PCI: CLS 64 bytes, default 64
May 10 07:51:12 tiJoeLinux kernel: Trying to unpack rootfs image as initramfs...
May 10 07:51:12 tiJoeLinux kernel: Freeing initrd memory: 32832K (ffff88003c9e1000 - ffff88003e9f1000)
May 10 07:51:12 tiJoeLinux kernel: PCI-DMA: Using software bounce buffering for IO (SWIOTLB)
May 10 07:51:12 tiJoeLinux kernel: software IO TLB [mem 0xc2d95000-0xc6d95000] (64MB) mapped at [ffff8800c2d95000-ffff8800c6d94fff]
May 10 07:51:12 tiJoeLinux kernel: RAPL PMU detected, API unit is 2^-32 Joules, 3 fixed counters 163840 ms ovfl timer
May 10 07:51:12 tiJoeLinux kernel: hw unit of domain pp0-core 2^-16 Joules
May 10 07:51:12 tiJoeLinux kernel: hw unit of domain package 2^-16 Joules
May 10 07:51:12 tiJoeLinux kernel: hw unit of domain pp1-gpu 2^-16 Joules
May 10 07:51:12 tiJoeLinux kernel: microcode: CPU0 sig=0x306a9, pf=0x10, revision=0x1b
May 10 07:51:12 tiJoeLinux kernel: microcode: CPU1 sig=0x306a9, pf=0x10, revision=0x1b
May 10 07:51:12 tiJoeLinux kernel: microcode: CPU2 sig=0x306a9, pf=0x10, revision=0x1b
May 10 07:51:12 tiJoeLinux kernel: microcode: CPU3 sig=0x306a9, pf=0x10, revision=0x1b
May 10 07:51:12 tiJoeLinux kernel: microcode: CPU4 sig=0x306a9, pf=0x10, revision=0x1b
May 10 07:51:12 tiJoeLinux kernel: microcode: CPU5 sig=0x306a9, pf=0x10, revision=0x1b
May 10 07:51:12 tiJoeLinux kernel: microcode: CPU6 sig=0x306a9, pf=0x10, revision=0x1b
May 10 07:51:12 tiJoeLinux kernel: microcode: CPU7 sig=0x306a9, pf=0x10, revision=0x1b
May 10 07:51:12 tiJoeLinux kernel: microcode: Microcode Update Driver: v2.00 <tigran@aivazian.fsnet.co.uk>, Peter Oruba
May 10 07:51:12 tiJoeLinux kernel: Scanning for low memory corruption every 60 seconds
May 10 07:51:12 tiJoeLinux kernel: futex hash table entries: 2048 (order: 5, 131072 bytes)
May 10 07:51:12 tiJoeLinux kernel: Initialise system trusted keyring
May 10 07:51:12 tiJoeLinux kernel: audit: initializing netlink subsys (disabled)
May 10 07:51:12 tiJoeLinux kernel: audit: type=2000 audit(1462888268.556:1): initialized
May 10 07:51:12 tiJoeLinux kernel: HugeTLB registered 2 MB page size, pre-allocated 0 pages
May 10 07:51:12 tiJoeLinux kernel: zpool: loaded
May 10 07:51:12 tiJoeLinux kernel: zbud: loaded
May 10 07:51:12 tiJoeLinux kernel: VFS: Disk quotas dquot_6.6.0
May 10 07:51:12 tiJoeLinux kernel: VFS: Dquot-cache hash table entries: 512 (order 0, 4096 bytes)
May 10 07:51:12 tiJoeLinux kernel: fuse init (API version 7.23)
May 10 07:51:12 tiJoeLinux kernel: Key type big_key registered
May 10 07:51:12 tiJoeLinux kernel: Key type asymmetric registered
May 10 07:51:12 tiJoeLinux kernel: Asymmetric key parser 'x509' registered
May 10 07:51:12 tiJoeLinux kernel: Block layer SCSI generic (bsg) driver version 0.4 loaded (major 249)
May 10 07:51:12 tiJoeLinux kernel: io scheduler noop registered
May 10 07:51:12 tiJoeLinux kernel: io scheduler deadline registered (default)
May 10 07:51:12 tiJoeLinux kernel: io scheduler cfq registered
May 10 07:51:12 tiJoeLinux kernel: pci_hotplug: PCI Hot Plug PCI Core version: 0.5
May 10 07:51:12 tiJoeLinux kernel: pciehp: PCI Express Hot Plug Controller Driver version: 0.4
May 10 07:51:12 tiJoeLinux kernel: efifb: probing for efifb
May 10 07:51:12 tiJoeLinux kernel: efifb: framebuffer at 0xd0000000, mapped to 0xffffc90001c00000, using 1876k, total 1875k
May 10 07:51:12 tiJoeLinux kernel: efifb: mode is 800x600x32, linelength=3200, pages=1
May 10 07:51:12 tiJoeLinux kernel: efifb: scrolling: redraw
May 10 07:51:12 tiJoeLinux kernel: efifb: Truecolor: size=8:8:8:8, shift=24:16:8:0
May 10 07:51:12 tiJoeLinux kernel: Console: switching to colour frame buffer device 100x37
May 10 07:51:12 tiJoeLinux kernel: fb0: EFI VGA frame buffer device
May 10 07:51:12 tiJoeLinux kernel: intel_idle: MWAIT substates: 0x21120
May 10 07:51:12 tiJoeLinux kernel: intel_idle: v0.4 model 0x3A
May 10 07:51:12 tiJoeLinux kernel: intel_idle: lapic_timer_reliable_states 0xffffffff
May 10 07:51:12 tiJoeLinux kernel: ACPI: AC Adapter [ADP1] (on-line)
May 10 07:51:12 tiJoeLinux kernel: input: Lid Switch as /devices/LNXSYSTM:00/LNXSYBUS:00/PNP0C0D:00/input/input0
May 10 07:51:12 tiJoeLinux kernel: ACPI: Lid Switch [LID0]
May 10 07:51:12 tiJoeLinux kernel: input: Power Button as /devices/LNXSYSTM:00/LNXSYBUS:00/PNP0C0C:00/input/input1
May 10 07:51:12 tiJoeLinux kernel: ACPI: Power Button [PWRB]
May 10 07:51:12 tiJoeLinux kernel: input: Power Button as /devices/LNXSYSTM:00/LNXPWRBN:00/input/input2
May 10 07:51:12 tiJoeLinux kernel: ACPI: Power Button [PWRF]
May 10 07:51:12 tiJoeLinux kernel: ACPI: Invalid active2 threshold
May 10 07:51:12 tiJoeLinux kernel: thermal LNXTHERM:00: registered as thermal_zone0
May 10 07:51:12 tiJoeLinux kernel: ACPI: Thermal Zone [TZ00] (52 C)
May 10 07:51:12 tiJoeLinux kernel: thermal LNXTHERM:01: registered as thermal_zone1
May 10 07:51:12 tiJoeLinux kernel: ACPI: Thermal Zone [TZ01] (52 C)
May 10 07:51:12 tiJoeLinux kernel: GHES: HEST is not enabled!
May 10 07:51:12 tiJoeLinux kernel: Serial: 8250/16550 driver, 32 ports, IRQ sharing enabled
May 10 07:51:12 tiJoeLinux kernel: Linux agpgart interface v0.103
May 10 07:51:12 tiJoeLinux kernel: brd: module loaded
May 10 07:51:12 tiJoeLinux kernel: loop: module loaded
May 10 07:51:12 tiJoeLinux kernel: libphy: Fixed MDIO Bus: probed
May 10 07:51:12 tiJoeLinux kernel: tun: Universal TUN/TAP device driver, 1.6
May 10 07:51:12 tiJoeLinux kernel: tun: (C) 1999-2004 Max Krasnyansky <maxk@qualcomm.com>
May 10 07:51:12 tiJoeLinux kernel: PPP generic driver version 2.4.2
May 10 07:51:12 tiJoeLinux kernel: xhci_hcd 0000:00:14.0: xHCI Host Controller
May 10 07:51:12 tiJoeLinux kernel: xhci_hcd 0000:00:14.0: new USB bus registered, assigned bus number 1
May 10 07:51:12 tiJoeLinux kernel: xhci_hcd 0000:00:14.0: hcc params 0x20007181 hci version 0x100 quirks 0x0000b930
May 10 07:51:12 tiJoeLinux kernel: xhci_hcd 0000:00:14.0: cache line size of 64 is not supported
May 10 07:51:12 tiJoeLinux kernel: usb usb1: New USB device found, idVendor=1d6b, idProduct=0002
May 10 07:51:12 tiJoeLinux kernel: usb usb1: New USB device strings: Mfr=3, Product=2, SerialNumber=1
May 10 07:51:12 tiJoeLinux kernel: usb usb1: Product: xHCI Host Controller
May 10 07:51:12 tiJoeLinux kernel: usb usb1: Manufacturer: Linux 4.2.0-35-generic xhci-hcd
May 10 07:51:12 tiJoeLinux kernel: usb usb1: SerialNumber: 0000:00:14.0
May 10 07:51:12 tiJoeLinux kernel: hub 1-0:1.0: USB hub found
May 10 07:51:12 tiJoeLinux kernel: hub 1-0:1.0: 4 ports detected
May 10 07:51:12 tiJoeLinux kernel: xhci_hcd 0000:00:14.0: xHCI Host Controller
May 10 07:51:12 tiJoeLinux kernel: xhci_hcd 0000:00:14.0: new USB bus registered, assigned bus number 2
May 10 07:51:12 tiJoeLinux kernel: usb usb2: New USB device found, idVendor=1d6b, idProduct=0003
May 10 07:51:12 tiJoeLinux kernel: usb usb2: New USB device strings: Mfr=3, Product=2, SerialNumber=1
May 10 07:51:12 tiJoeLinux kernel: usb usb2: Product: xHCI Host Controller
May 10 07:51:12 tiJoeLinux kernel: usb usb2: Manufacturer: Linux 4.2.0-35-generic xhci-hcd
May 10 07:51:12 tiJoeLinux kernel: usb usb2: SerialNumber: 0000:00:14.0
May 10 07:51:12 tiJoeLinux kernel: hub 2-0:1.0: USB hub found
May 10 07:51:12 tiJoeLinux kernel: hub 2-0:1.0: 4 ports detected
May 10 07:51:12 tiJoeLinux kernel: ehci_hcd: USB 2.0 'Enhanced' Host Controller (EHCI) Driver
May 10 07:51:12 tiJoeLinux kernel: ehci-pci: EHCI PCI platform driver
May 10 07:51:12 tiJoeLinux kernel: ehci-pci 0000:00:1a.0: EHCI Host Controller
May 10 07:51:12 tiJoeLinux kernel: ehci-pci 0000:00:1a.0: new USB bus registered, assigned bus number 3
May 10 07:51:12 tiJoeLinux kernel: ehci-pci 0000:00:1a.0: debug port 2
May 10 07:51:12 tiJoeLinux kernel: ehci-pci 0000:00:1a.0: cache line size of 64 is not supported
May 10 07:51:12 tiJoeLinux kernel: ehci-pci 0000:00:1a.0: irq 16, io mem 0xf7f18000
May 10 07:51:12 tiJoeLinux kernel: ehci-pci 0000:00:1a.0: USB 2.0 started, EHCI 1.00
May 10 07:51:12 tiJoeLinux kernel: usb usb3: New USB device found, idVendor=1d6b, idProduct=0002
May 10 07:51:12 tiJoeLinux kernel: usb usb3: New USB device strings: Mfr=3, Product=2, SerialNumber=1
May 10 07:51:12 tiJoeLinux kernel: usb usb3: Product: EHCI Host Controller
May 10 07:51:12 tiJoeLinux kernel: usb usb3: Manufacturer: Linux 4.2.0-35-generic ehci_hcd
May 10 07:51:12 tiJoeLinux kernel: usb usb3: SerialNumber: 0000:00:1a.0
May 10 07:51:12 tiJoeLinux kernel: hub 3-0:1.0: USB hub found
May 10 07:51:12 tiJoeLinux kernel: hub 3-0:1.0: 2 ports detected
May 10 07:51:12 tiJoeLinux kernel: ehci-pci 0000:00:1d.0: EHCI Host Controller
May 10 07:51:12 tiJoeLinux kernel: ehci-pci 0000:00:1d.0: new USB bus registered, assigned bus number 4
May 10 07:51:12 tiJoeLinux kernel: ehci-pci 0000:00:1d.0: debug port 2
May 10 07:51:12 tiJoeLinux kernel: ehci-pci 0000:00:1d.0: cache line size of 64 is not supported
May 10 07:51:12 tiJoeLinux kernel: ehci-pci 0000:00:1d.0: irq 23, io mem 0xf7f17000
May 10 07:51:12 tiJoeLinux kernel: ehci-pci 0000:00:1d.0: USB 2.0 started, EHCI 1.00
May 10 07:51:12 tiJoeLinux kernel: usb usb4: New USB device found, idVendor=1d6b, idProduct=0002
May 10 07:51:12 tiJoeLinux kernel: usb usb4: New USB device strings: Mfr=3, Product=2, SerialNumber=1
May 10 07:51:12 tiJoeLinux kernel: usb usb4: Product: EHCI Host Controller
May 10 07:51:12 tiJoeLinux kernel: usb usb4: Manufacturer: Linux 4.2.0-35-generic ehci_hcd
May 10 07:51:12 tiJoeLinux kernel: usb usb4: SerialNumber: 0000:00:1d.0
May 10 07:51:12 tiJoeLinux kernel: hub 4-0:1.0: USB hub found
May 10 07:51:12 tiJoeLinux kernel: hub 4-0:1.0: 2 ports detected
May 10 07:51:12 tiJoeLinux kernel: ehci-platform: EHCI generic platform driver
May 10 07:51:12 tiJoeLinux kernel: ohci_hcd: USB 1.1 'Open' Host Controller (OHCI) Driver
May 10 07:51:12 tiJoeLinux kernel: ohci-pci: OHCI PCI platform driver
May 10 07:51:12 tiJoeLinux kernel: ohci-platform: OHCI generic platform driver
May 10 07:51:12 tiJoeLinux kernel: uhci_hcd: USB Universal Host Controller Interface driver
May 10 07:51:12 tiJoeLinux kernel: i8042: PNP: PS/2 Controller [PNP0303:PS2K,PNP0f03:PS2M] at 0x60,0x64 irq 1,12
May 10 07:51:12 tiJoeLinux kernel: serio: i8042 KBD port at 0x60,0x64 irq 1
May 10 07:51:12 tiJoeLinux kernel: serio: i8042 AUX port at 0x60,0x64 irq 12
May 10 07:51:12 tiJoeLinux kernel: mousedev: PS/2 mouse device common for all mice
May 10 07:51:12 tiJoeLinux kernel: rtc_cmos 00:02: rtc core: registered rtc_cmos as rtc0
May 10 07:51:12 tiJoeLinux kernel: rtc_cmos 00:02: alarms up to one month, y3k, 242 bytes nvram, hpet irqs
May 10 07:51:12 tiJoeLinux kernel: i2c /dev entries driver
May 10 07:51:12 tiJoeLinux kernel: device-mapper: uevent: version 1.0.3
May 10 07:51:12 tiJoeLinux kernel: device-mapper: ioctl: 4.33.0-ioctl (2015-8-18) initialised: dm-devel@redhat.com
May 10 07:51:12 tiJoeLinux kernel: Intel P-state driver initializing.
May 10 07:51:12 tiJoeLinux kernel: ledtrig-cpu: registered to indicate activity on CPUs
May 10 07:51:12 tiJoeLinux kernel: EFI Variables Facility v0.08 2004-May-17
May 10 07:51:12 tiJoeLinux kernel: PCCT header not found.
May 10 07:51:12 tiJoeLinux kernel: NET: Registered protocol family 10
May 10 07:51:12 tiJoeLinux kernel: NET: Registered protocol family 17
May 10 07:51:12 tiJoeLinux kernel: Key type dns_resolver registered
May 10 07:51:12 tiJoeLinux kernel: input: AT Translated Set 2 keyboard as /devices/platform/i8042/serio0/input/input3
May 10 07:51:12 tiJoeLinux kernel: Loading compiled-in X.509 certificates
May 10 07:51:12 tiJoeLinux kernel: Loaded X.509 cert 'Build time autogenerated kernel key: d2cd13f45fa3b012fc89b8d500f91dcca4d9e0a8'
May 10 07:51:12 tiJoeLinux kernel: registered taskstats version 1
May 10 07:51:12 tiJoeLinux kernel: zswap: loading zswap
May 10 07:51:12 tiJoeLinux kernel: zswap: using zbud pool
May 10 07:51:12 tiJoeLinux kernel: zswap: using lzo compressor
May 10 07:51:12 tiJoeLinux kernel: Key type trusted registered
May 10 07:51:12 tiJoeLinux kernel: Key type encrypted registered
May 10 07:51:12 tiJoeLinux kernel: AppArmor: AppArmor sha1 policy hashing enabled
May 10 07:51:12 tiJoeLinux kernel: ima: No TPM chip found, activating TPM-bypass!
May 10 07:51:12 tiJoeLinux kernel: evm: HMAC attrs: 0x1
May 10 07:51:12 tiJoeLinux kernel:   Magic number: 0:462:887
May 10 07:51:12 tiJoeLinux kernel: graphics fb0: hash matches
May 10 07:51:12 tiJoeLinux kernel: pci 0000:00:1f.0: hash matches
May 10 07:51:12 tiJoeLinux kernel: rtc_cmos 00:02: setting system clock to 2016-05-10 13:51:09 UTC (1462888269)
May 10 07:51:12 tiJoeLinux kernel: BIOS EDD facility v0.16 2004-Jun-25, 0 devices found
May 10 07:51:12 tiJoeLinux kernel: EDD information not available.
May 10 07:51:12 tiJoeLinux kernel: PM: Hibernation image not present or could not be loaded.
May 10 07:51:12 tiJoeLinux kernel: ACPI: Battery Slot [BAT1] (battery present)
May 10 07:51:12 tiJoeLinux kernel: Freeing unused kernel memory: 1464K (ffffffff81f37000 - ffffffff820a5000)
May 10 07:51:12 tiJoeLinux kernel: Write protecting the kernel read-only data: 14336k
May 10 07:51:12 tiJoeLinux kernel: Freeing unused kernel memory: 2044K (ffff880003801000 - ffff880003a00000)
May 10 07:51:12 tiJoeLinux kernel: Freeing unused kernel memory: 292K (ffff880003db7000 - ffff880003e00000)
May 10 07:51:12 tiJoeLinux kernel: random: systemd-udevd urandom read with 10 bits of entropy available
May 10 07:51:12 tiJoeLinux kernel: wmi: Mapper loaded
May 10 07:51:12 tiJoeLinux kernel: r8169 Gigabit Ethernet driver 2.3LK-NAPI loaded
May 10 07:51:12 tiJoeLinux kernel: r8169 0000:03:00.0: can't disable ASPM; OS doesn't have ASPM control
May 10 07:51:12 tiJoeLinux kernel: r8169 0000:03:00.0 eth0: RTL8168evl/8111evl at 0xffffc900018b2000, 18:67:b0:bb:ea:bc, XID 0c900800 IRQ 28
May 10 07:51:12 tiJoeLinux kernel: r8169 0000:03:00.0 eth0: jumbo features [frames: 9200 bytes, tx checksumming: ko]
May 10 07:51:12 tiJoeLinux kernel: [drm] Initialized drm 1.1.0 20060810
May 10 07:51:12 tiJoeLinux kernel: ahci 0000:00:1f.2: version 3.0
May 10 07:51:12 tiJoeLinux kernel: ahci 0000:00:1f.2: AHCI 0001.0300 32 slots 6 ports 6 Gbps 0x1 impl SATA mode
May 10 07:51:12 tiJoeLinux kernel: ahci 0000:00:1f.2: flags: 64bit ncq pm led clo pio slum part ems apst 
May 10 07:51:12 tiJoeLinux kernel: scsi host0: ahci
May 10 07:51:12 tiJoeLinux kernel: scsi host1: ahci
May 10 07:51:12 tiJoeLinux kernel: scsi host2: ahci
May 10 07:51:12 tiJoeLinux kernel: scsi host3: ahci
May 10 07:51:12 tiJoeLinux kernel: scsi host4: ahci
May 10 07:51:12 tiJoeLinux kernel: scsi host5: ahci
May 10 07:51:12 tiJoeLinux kernel: ata1: SATA max UDMA/133 abar m2048@0xf7f16000 port 0xf7f16100 irq 29
May 10 07:51:12 tiJoeLinux kernel: ata2: DUMMY
May 10 07:51:12 tiJoeLinux kernel: ata3: DUMMY
May 10 07:51:12 tiJoeLinux kernel: ata4: DUMMY
May 10 07:51:12 tiJoeLinux kernel: ata5: DUMMY
May 10 07:51:12 tiJoeLinux kernel: ata6: DUMMY
May 10 07:51:12 tiJoeLinux kernel: r8169 0000:03:00.0 enp3s0: renamed from eth0
May 10 07:51:12 tiJoeLinux kernel: [drm] Memory usable by graphics device = 2048M
May 10 07:51:12 tiJoeLinux kernel: checking generic (d0000000 1d5000) vs hw (d0000000 10000000)
May 10 07:51:12 tiJoeLinux kernel: fb: switching to inteldrmfb from EFI VGA
May 10 07:51:12 tiJoeLinux kernel: Console: switching to colour dummy device 80x25
May 10 07:51:12 tiJoeLinux kernel: [drm] Replacing VGA console driver
May 10 07:51:12 tiJoeLinux kernel: [drm] radeon kernel modesetting enabled.
May 10 07:51:12 tiJoeLinux kernel: VGA switcheroo: detected switching method \_SB_.PCI0.GFX0.ATPX handle
May 10 07:51:12 tiJoeLinux kernel: AMD IOMMUv2 driver by Joerg Roedel <jroedel@suse.de>
May 10 07:51:12 tiJoeLinux kernel: AMD IOMMUv2 functionality not available on this system
May 10 07:51:12 tiJoeLinux kernel: [drm] Supports vblank timestamp caching Rev 2 (21.10.2013).
May 10 07:51:12 tiJoeLinux kernel: [drm] Driver supports precise vblank timestamp query.
May 10 07:51:12 tiJoeLinux kernel: vgaarb: device changed decodes: PCI:0000:00:02.0,olddecodes=io+mem,decodes=io+mem:owns=io+mem
May 10 07:51:12 tiJoeLinux kernel: CRAT table not found
May 10 07:51:12 tiJoeLinux kernel: Finished initializing topology ret=0
May 10 07:51:12 tiJoeLinux kernel: kfd kfd: Initialized module
May 10 07:51:12 tiJoeLinux kernel: radeon 0000:01:00.0: enabling device (0000 -> 0003)
May 10 07:51:12 tiJoeLinux kernel: [Firmware Bug]: ACPI(PEGP) defines _DOD but not _DOS
May 10 07:51:12 tiJoeLinux kernel: ACPI: Video Device [PEGP] (multi-head: yes  rom: no  post: no)
May 10 07:51:12 tiJoeLinux kernel: fbcon: inteldrmfb (fb0) is primary device
May 10 07:51:12 tiJoeLinux kernel: Console: switching to colour frame buffer device 240x67
May 10 07:51:12 tiJoeLinux kernel: i915 0000:00:02.0: fb0: inteldrmfb frame buffer device
May 10 07:51:12 tiJoeLinux kernel: i915 0000:00:02.0: registered panic notifier
May 10 07:51:12 tiJoeLinux kernel: acpi device:0f: registered as cooling_device10
May 10 07:51:12 tiJoeLinux kernel: input: Video Bus as /devices/LNXSYSTM:00/LNXSYBUS:00/PNP0A08:00/device:0d/LNXVIDEO:00/input/input6
May 10 07:51:12 tiJoeLinux kernel: ACPI: Video Device [GFX0] (multi-head: yes  rom: no  post: no)
May 10 07:51:12 tiJoeLinux kernel: acpi device:1d: registered as cooling_device11
May 10 07:51:12 tiJoeLinux kernel: input: Video Bus as /devices/LNXSYSTM:00/LNXSYBUS:00/PNP0A08:00/LNXVIDEO:01/input/input7
May 10 07:51:12 tiJoeLinux kernel: [drm] Initialized i915 1.6.0 20150522 for 0000:00:02.0 on minor 0
May 10 07:51:12 tiJoeLinux kernel: [drm] initializing kernel modesetting (OLAND 0x1002:0x6600 0x144D:0xC0E6).
May 10 07:51:12 tiJoeLinux kernel: [drm] register mmio base: 0xF7E00000
May 10 07:51:12 tiJoeLinux kernel: [drm] register mmio size: 262144
May 10 07:51:12 tiJoeLinux kernel: vga_switcheroo: enabled
May 10 07:51:12 tiJoeLinux kernel: ATPX version 1, functions 0x00000033
May 10 07:51:12 tiJoeLinux kernel: usb 1-3: new high-speed USB device number 2 using xhci_hcd
May 10 07:51:12 tiJoeLinux kernel: ATOM BIOS: SAMSUNG
May 10 07:51:12 tiJoeLinux kernel: [drm] GPU not posted. posting now...
May 10 07:51:12 tiJoeLinux kernel: radeon 0000:01:00.0: VRAM: 1024M 0x0000000000000000 - 0x000000003FFFFFFF (1024M used)
May 10 07:51:12 tiJoeLinux kernel: radeon 0000:01:00.0: GTT: 2048M 0x0000000040000000 - 0x00000000BFFFFFFF
May 10 07:51:12 tiJoeLinux kernel: [drm] Detected VRAM RAM=1024M, BAR=256M
May 10 07:51:12 tiJoeLinux kernel: [drm] RAM width 128bits DDR
May 10 07:51:12 tiJoeLinux kernel: [TTM] Zone  kernel: Available graphics memory: 6094146 kiB
May 10 07:51:12 tiJoeLinux kernel: [TTM] Zone   dma32: Available graphics memory: 2097152 kiB
May 10 07:51:12 tiJoeLinux kernel: [TTM] Initializing pool allocator
May 10 07:51:12 tiJoeLinux kernel: [TTM] Initializing DMA pool allocator
May 10 07:51:12 tiJoeLinux kernel: [drm] radeon: 1024M of VRAM memory ready
May 10 07:51:12 tiJoeLinux kernel: [drm] radeon: 2048M of GTT memory ready.
May 10 07:51:12 tiJoeLinux kernel: [drm] Loading oland Microcode
May 10 07:51:12 tiJoeLinux kernel: [drm] Internal thermal controller without fan control
May 10 07:51:12 tiJoeLinux kernel: [drm] probing gen 2 caps for device 8086:151 = 261ad03/e
May 10 07:51:12 tiJoeLinux kernel: usb 3-1: new high-speed USB device number 2 using ehci-pci
May 10 07:51:12 tiJoeLinux kernel: [drm] radeon: dpm initialized
May 10 07:51:12 tiJoeLinux kernel: [drm] Found VCE firmware/feedback version 50.0.1 / 17!
May 10 07:51:12 tiJoeLinux kernel: [drm] GART: num cpu pages 524288, num gpu pages 524288
May 10 07:51:12 tiJoeLinux kernel: [drm] probing gen 2 caps for device 8086:151 = 261ad03/e
May 10 07:51:12 tiJoeLinux kernel: [drm] enabling PCIE gen 3 link speeds, disable with radeon.pcie_gen2=0
May 10 07:51:12 tiJoeLinux kernel: usb 1-3: New USB device found, idVendor=0bda, idProduct=0129
May 10 07:51:12 tiJoeLinux kernel: usb 1-3: New USB device strings: Mfr=1, Product=2, SerialNumber=3
May 10 07:51:12 tiJoeLinux kernel: usb 1-3: Product: USB2.0-CRW
May 10 07:51:12 tiJoeLinux kernel: usb 1-3: Manufacturer: Generic
May 10 07:51:12 tiJoeLinux kernel: usb 1-3: SerialNumber: 20100201396000000
May 10 07:51:12 tiJoeLinux kernel: usbcore: registered new interface driver rtsx_usb
May 10 07:51:12 tiJoeLinux kernel: usb 3-1: New USB device found, idVendor=8087, idProduct=0024
May 10 07:51:12 tiJoeLinux kernel: usb 3-1: New USB device strings: Mfr=0, Product=0, SerialNumber=0
May 10 07:51:12 tiJoeLinux kernel: hub 3-1:1.0: USB hub found
May 10 07:51:12 tiJoeLinux kernel: hub 3-1:1.0: 6 ports detected
May 10 07:51:12 tiJoeLinux kernel: ata1: SATA link up 6.0 Gbps (SStatus 133 SControl 300)
May 10 07:51:12 tiJoeLinux kernel: ata1.00: ACPI cmd ef/10:06:00:00:00:00 (SET FEATURES) succeeded
May 10 07:51:12 tiJoeLinux kernel: ata1.00: ACPI cmd f5/00:00:00:00:00:00 (SECURITY FREEZE LOCK) filtered out
May 10 07:51:12 tiJoeLinux kernel: ata1.00: ACPI cmd b1/c1:00:00:00:00:00 (DEVICE CONFIGURATION OVERLAY) filtered out
May 10 07:51:12 tiJoeLinux kernel: ata1.00: supports DRM functions and may not be fully accessible
May 10 07:51:12 tiJoeLinux kernel: ata1.00: READ LOG DMA EXT failed, trying unqueued
May 10 07:51:12 tiJoeLinux kernel: ata1.00: disabling queued TRIM support
May 10 07:51:12 tiJoeLinux kernel: ata1.00: ATA-9: Crucial_CT240M500SSD1, MU05, max UDMA/133
May 10 07:51:12 tiJoeLinux kernel: ata1.00: 468862128 sectors, multi 16: LBA48 NCQ (depth 31/32), AA
May 10 07:51:12 tiJoeLinux kernel: ata1.00: ACPI cmd ef/10:06:00:00:00:00 (SET FEATURES) succeeded
May 10 07:51:12 tiJoeLinux kernel: ata1.00: ACPI cmd f5/00:00:00:00:00:00 (SECURITY FREEZE LOCK) filtered out
May 10 07:51:12 tiJoeLinux kernel: ata1.00: ACPI cmd b1/c1:00:00:00:00:00 (DEVICE CONFIGURATION OVERLAY) filtered out
May 10 07:51:12 tiJoeLinux kernel: ata1.00: supports DRM functions and may not be fully accessible
May 10 07:51:12 tiJoeLinux kernel: ata1.00: disabling queued TRIM support
May 10 07:51:12 tiJoeLinux kernel: ata1.00: configured for UDMA/133
May 10 07:51:12 tiJoeLinux kernel: scsi 0:0:0:0: Direct-Access     ATA      Crucial_CT240M50 MU05 PQ: 0 ANSI: 5
May 10 07:51:12 tiJoeLinux kernel: ata1.00: Enabling discard_zeroes_data
May 10 07:51:12 tiJoeLinux kernel: sd 0:0:0:0: [sda] 468862128 512-byte logical blocks: (240 GB/223 GiB)
May 10 07:51:12 tiJoeLinux kernel: sd 0:0:0:0: Attached scsi generic sg0 type 0
May 10 07:51:12 tiJoeLinux kernel: sd 0:0:0:0: [sda] 4096-byte physical blocks
May 10 07:51:12 tiJoeLinux kernel: sd 0:0:0:0: [sda] Write Protect is off
May 10 07:51:12 tiJoeLinux kernel: sd 0:0:0:0: [sda] Mode Sense: 00 3a 00 00
May 10 07:51:12 tiJoeLinux kernel: sd 0:0:0:0: [sda] Write cache: enabled, read cache: enabled, doesn't support DPO or FUA
May 10 07:51:12 tiJoeLinux kernel: ata1.00: Enabling discard_zeroes_data
May 10 07:51:12 tiJoeLinux kernel:  sda: sda1 sda2 sda3 sda4 sda5 sda6
May 10 07:51:12 tiJoeLinux kernel: ata1.00: Enabling discard_zeroes_data
May 10 07:51:12 tiJoeLinux kernel: sd 0:0:0:0: [sda] Attached SCSI disk
May 10 07:51:12 tiJoeLinux kernel: psmouse serio1: elantech: assuming hardware version 4 (with firmware version 0x575f06)
May 10 07:51:12 tiJoeLinux kernel: psmouse serio1: elantech: Synaptics capabilities query result 0x10, 0x15, 0x0f.
May 10 07:51:12 tiJoeLinux kernel: psmouse serio1: elantech: Elan sample query result 08, 0a, 97
May 10 07:51:12 tiJoeLinux kernel: usb 3-1.4: new high-speed USB device number 3 using ehci-pci
May 10 07:51:12 tiJoeLinux kernel: input: ETPS/2 Elantech Touchpad as /devices/platform/i8042/serio1/input/input5
May 10 07:51:12 tiJoeLinux kernel: usb 3-1.4: New USB device found, idVendor=2232, idProduct=1045
May 10 07:51:12 tiJoeLinux kernel: usb 3-1.4: New USB device strings: Mfr=1, Product=2, SerialNumber=0
May 10 07:51:12 tiJoeLinux kernel: usb 3-1.4: Product: WebCam SC-10HDP12631N
May 10 07:51:12 tiJoeLinux kernel: usb 3-1.4: Manufacturer: Namuga
May 10 07:51:12 tiJoeLinux kernel: tsc: Refined TSC clocksource calibration: 2394.560 MHz
May 10 07:51:12 tiJoeLinux kernel: clocksource: tsc: mask: 0xffffffffffffffff max_cycles: 0x2284248580e, max_idle_ns: 440795288736 ns
May 10 07:51:12 tiJoeLinux kernel: usb 3-1.5: new full-speed USB device number 4 using ehci-pci
May 10 07:51:12 tiJoeLinux kernel: usb 3-1.5: New USB device found, idVendor=03eb, idProduct=8816
May 10 07:51:12 tiJoeLinux kernel: usb 3-1.5: New USB device strings: Mfr=1, Product=2, SerialNumber=0
May 10 07:51:12 tiJoeLinux kernel: usb 3-1.5: Product: Atmel maXTouch Digitizer
May 10 07:51:12 tiJoeLinux kernel: usb 3-1.5: Manufacturer: Atmel
May 10 07:51:12 tiJoeLinux kernel: hidraw: raw HID events driver (C) Jiri Kosina
May 10 07:51:12 tiJoeLinux kernel: usbcore: registered new interface driver usbhid
May 10 07:51:12 tiJoeLinux kernel: usbhid: USB HID core driver
May 10 07:51:12 tiJoeLinux kernel: hid-generic 0003:03EB:8816.0002: hiddev0,hidraw0: USB HID v1.11 Device [Atmel Atmel maXTouch Digitizer] on usb-0000:00:1a.0-1.5/input1
May 10 07:51:12 tiJoeLinux kernel: usb 4-1: new high-speed USB device number 2 using ehci-pci
May 10 07:51:12 tiJoeLinux kernel: [drm] PCIE GART of 2048M enabled (table at 0x00000000002E8000).
May 10 07:51:12 tiJoeLinux kernel: radeon 0000:01:00.0: WB enabled
May 10 07:51:12 tiJoeLinux kernel: radeon 0000:01:00.0: fence driver on ring 0 use gpu addr 0x0000000040000c00 and cpu addr 0xffff88031a00dc00
May 10 07:51:12 tiJoeLinux kernel: radeon 0000:01:00.0: fence driver on ring 1 use gpu addr 0x0000000040000c04 and cpu addr 0xffff88031a00dc04
May 10 07:51:12 tiJoeLinux kernel: radeon 0000:01:00.0: fence driver on ring 2 use gpu addr 0x0000000040000c08 and cpu addr 0xffff88031a00dc08
May 10 07:51:12 tiJoeLinux kernel: radeon 0000:01:00.0: fence driver on ring 3 use gpu addr 0x0000000040000c0c and cpu addr 0xffff88031a00dc0c
May 10 07:51:12 tiJoeLinux kernel: radeon 0000:01:00.0: fence driver on ring 4 use gpu addr 0x0000000040000c10 and cpu addr 0xffff88031a00dc10
May 10 07:51:12 tiJoeLinux kernel: radeon 0000:01:00.0: fence driver on ring 5 use gpu addr 0x0000000000075a18 and cpu addr 0xffffc90002035a18
May 10 07:51:12 tiJoeLinux kernel: radeon 0000:01:00.0: VCE init error (-110).
May 10 07:51:12 tiJoeLinux kernel: [drm] Supports vblank timestamp caching Rev 2 (21.10.2013).
May 10 07:51:12 tiJoeLinux kernel: [drm] Driver supports precise vblank timestamp query.
May 10 07:51:12 tiJoeLinux kernel: radeon 0000:01:00.0: radeon: MSI limited to 32-bit
May 10 07:51:12 tiJoeLinux kernel: radeon 0000:01:00.0: radeon: using MSI.
May 10 07:51:12 tiJoeLinux kernel: [drm] radeon: irq initialized.
May 10 07:51:12 tiJoeLinux kernel: [drm] ring test on 0 succeeded in 2 usecs
May 10 07:51:12 tiJoeLinux kernel: [drm] ring test on 1 succeeded in 1 usecs
May 10 07:51:12 tiJoeLinux kernel: [drm] ring test on 2 succeeded in 1 usecs
May 10 07:51:12 tiJoeLinux kernel: [drm] ring test on 3 succeeded in 3 usecs
May 10 07:51:12 tiJoeLinux kernel: [drm] ring test on 4 succeeded in 3 usecs
May 10 07:51:12 tiJoeLinux kernel: clocksource: Switched to clocksource tsc
May 10 07:51:12 tiJoeLinux kernel: [drm] ring test on 5 succeeded in 2 usecs
May 10 07:51:12 tiJoeLinux kernel: [drm] UVD initialized successfully.
May 10 07:51:12 tiJoeLinux kernel: [drm] ib test on ring 0 succeeded in 0 usecs
May 10 07:51:12 tiJoeLinux kernel: [drm] ib test on ring 1 succeeded in 0 usecs
May 10 07:51:12 tiJoeLinux kernel: [drm] ib test on ring 2 succeeded in 0 usecs
May 10 07:51:12 tiJoeLinux kernel: [drm] ib test on ring 3 succeeded in 0 usecs
May 10 07:51:12 tiJoeLinux kernel: [drm] ib test on ring 4 succeeded in 0 usecs
May 10 07:51:12 tiJoeLinux kernel: usb 4-1: New USB device found, idVendor=8087, idProduct=0024
May 10 07:51:12 tiJoeLinux kernel: usb 4-1: New USB device strings: Mfr=0, Product=0, SerialNumber=0
May 10 07:51:12 tiJoeLinux kernel: hub 4-1:1.0: USB hub found
May 10 07:51:12 tiJoeLinux kernel: hub 4-1:1.0: 6 ports detected
May 10 07:51:12 tiJoeLinux kernel: usb 4-1.5: new full-speed USB device number 3 using ehci-pci
May 10 07:51:12 tiJoeLinux kernel: usb 4-1.5: New USB device found, idVendor=8087, idProduct=07da
May 10 07:51:12 tiJoeLinux kernel: usb 4-1.5: New USB device strings: Mfr=0, Product=0, SerialNumber=0
May 10 07:51:12 tiJoeLinux kernel: [drm] ib test on ring 5 succeeded
May 10 07:51:12 tiJoeLinux kernel: [drm] Radeon Display Connectors
May 10 07:51:12 tiJoeLinux kernel: radeon 0000:01:00.0: No connectors reported connected with modes
May 10 07:51:12 tiJoeLinux kernel: [drm] Cannot find any crtc or sizes - going 1024x768
May 10 07:51:12 tiJoeLinux kernel: [drm] fb mappable at 0xE06EA000
May 10 07:51:12 tiJoeLinux kernel: [drm] vram apper at 0xE0000000
May 10 07:51:12 tiJoeLinux kernel: [drm] size 3145728
May 10 07:51:12 tiJoeLinux kernel: [drm] fb depth is 24
May 10 07:51:12 tiJoeLinux kernel: [drm]    pitch is 4096
May 10 07:51:12 tiJoeLinux kernel: radeon 0000:01:00.0: fb1: radeondrmfb frame buffer device
May 10 07:51:12 tiJoeLinux kernel: [drm] Initialized radeon 2.43.0 20080528 for 0000:01:00.0 on minor 1
May 10 07:51:12 tiJoeLinux kernel: EXT4-fs (sda6): mounted filesystem with ordered data mode. Opts: (null)
May 10 07:51:12 tiJoeLinux systemd[1]: systemd 229 running in system mode. (+PAM +AUDIT +SELINUX +IMA +APPARMOR +SMACK +SYSVINIT +UTMP +LIBCRYPTSETUP +GCRYPT +GNUTLS +ACL +XZ -LZ4 +SECCOMP +BLKID +ELFUTILS +KMOD -IDN)
May 10 07:51:12 tiJoeLinux systemd[1]: Detected architecture x86-64.
May 10 07:51:12 tiJoeLinux systemd[1]: Set hostname to <tiJoeLinux>.
May 10 07:51:12 tiJoeLinux systemd[1]: Listening on Syslog Socket.
May 10 07:51:12 tiJoeLinux systemd[1]: Set up automount Arbitrary Executable File Formats File System Automount Point.
May 10 07:51:12 tiJoeLinux systemd[1]: Reached target Remote File Systems (Pre).
May 10 07:51:12 tiJoeLinux systemd[1]: Reached target Swap.
May 10 07:51:12 tiJoeLinux systemd[1]: Listening on /dev/initctl Compatibility Named Pipe.
May 10 07:51:12 tiJoeLinux systemd[1]: Started Forward Password Requests to Wall Directory Watch.
May 10 07:51:12 tiJoeLinux systemd[1]: Reached target Encrypted Volumes.
May 10 07:51:12 tiJoeLinux systemd[1]: Listening on fsck to fsckd communication Socket.
May 10 07:51:12 tiJoeLinux systemd[1]: Listening on Journal Audit Socket.
May 10 07:51:12 tiJoeLinux systemd[1]: Listening on udev Control Socket.
May 10 07:51:12 tiJoeLinux systemd[1]: Reached target Remote File Systems.
May 10 07:51:12 tiJoeLinux systemd[1]: Created slice User and Session Slice.
May 10 07:51:12 tiJoeLinux systemd[1]: Listening on udev Kernel Socket.
May 10 07:51:12 tiJoeLinux systemd[1]: Created slice System Slice.
May 10 07:51:12 tiJoeLinux systemd[1]: Created slice system-systemd\x2dfsck.slice.
May 10 07:51:12 tiJoeLinux systemd[1]: Created slice system-getty.slice.
May 10 07:51:12 tiJoeLinux systemd[1]: Reached target Slices.
May 10 07:51:12 tiJoeLinux systemd[1]: Listening on Journal Socket (/dev/log).
May 10 07:51:12 tiJoeLinux systemd[1]: Listening on Journal Socket.
May 10 07:51:12 tiJoeLinux systemd[1]: Mounting Huge Pages File System...
